break 'male' triggered
break 'adult' triggered
Row #0
.'age'
(number)31.000000
v.'age_avg'
(number)19.583333

Row #1
.'age'
(number)29.000000
v.'age_avg'
(number)19.583333
break 'adult' triggered

Row #2
.'age'
(number)2.000000
v.'age_avg'
(number)19.583333
break 'male' triggered
break 'adult' triggered

Row #3
.'age'
(number)28.000000
v.'age_avg'
(number)19.583333

Row #4
.'age'
(number)27.000000
v.'age_avg'
(number)19.583333
break 'male' triggered
break 'adult' triggered

Row #5
.'age'
(number)0.500000
v.'age_avg'
(number)19.583333
