{
    "part": {
        "pr": {
            "pd": {
                "report": {
                    "break_header": {
                        "break_name": "country",
                        "type": "line",
                        "elements": [
                            {
                                "type": "text",
                                "width": 566.47559055118108517,
                                "font_point": 12.0,
                                "font_face": "Courier",
                                "bold": false,
                                "italic": false,
                                "align": "left",
                                "bgcolor": "#ffffff",
                                "color": "#000000",
                                "data": "Country: Germany"
                            }
                        ]
                    }
                ]
            },
            "break_header": {
                "break_name": "city",
                "type": "line",
                "elements": [
                    {
                        "type": "text",
                        "width": 566.47559055118108517,
                        "font_point": 12.0,
                        "font_face": "Courier",
                        "bold": false,
                        "italic": false,
                        "align": "left",
                        "bgcolor": "#ffffff",
                        "color": "#000000",
                        "data": "    City Hamburg, population 1841000"
                    }
                ]
            }
        ]
    },
    "break_header": {
        "break_name": "city",
        "type": "line",
        "elements": [
            {
                "type": "text",
                "width": 566.47559055118108517,
                "font_point": 12.0,
                "font_face": "Courier",
                "bold": false,
                "italic": false,
                "align": "left",
                "bgcolor": "#ffffff",
                "color": "#000000",
                "data": "    City Berlin, population 3645000"
            }
        ]
    }
]
