file 'images/images/matplotlib.svg' found canonically 'images/images/matplotlib.svg'
file 'images2/images/matplotlib.svg' found canonically 'images/images/matplotlib.svg'
file 'images2/images2/matplotlib.svg' found canonically 'images/images/matplotlib.svg'
file 'images/images/doesnotexist.png' found canonically ''
