PHP Warning:  OpenCReport\Query::add_follower_n_to_1(): invalid expression for follower query
 in /home/zozo/git/OpenCReports/tests/follower_invalidref_test.php on line 36
PHP Warning:  OpenCReport\Query::add_follower_n_to_1(): invalid expression for follower query
 in /home/zozo/git/OpenCReports/tests/follower_invalidref_test.php on line 41
PHP Warning:  OpenCReport\Query::add_follower_n_to_1(): invalid expression for follower query
 in /home/zozo/git/OpenCReports/tests/follower_invalidref_test.php on line 46
PHP Warning:  OpenCReport\Query::add_follower_n_to_1(): invalid expression for follower query
 in /home/zozo/git/OpenCReports/tests/follower_invalidref_test.php on line 51
PHP Warning:  OpenCReport\Query::add_follower_n_to_1(): invalid expression for follower query
 in /home/zozo/git/OpenCReports/tests/follower_invalidref_test.php on line 56
