Row #0
Query: 'data':
	Col #0: 'id': string value: 1
	Col #1: 'name': string value: Snow White
Query: 'more_data':
	Col #0: 'id': string value: 1
	Col #1: 'boss_id': string value: 1
	Col #2: 'name': string value: Doc
Query: 'moar_data':
	Col #0: 'sk_id': string value: NULL
	Col #1: 'name': string value: NULL

Row #1
Query: 'data':
	Col #0: 'id': string value: 2
	Col #1: 'name': string value: Batman
Query: 'more_data':
	Col #0: 'id': string value: 8
	Col #1: 'boss_id': string value: 2
	Col #2: 'name': string value: Robin
Query: 'moar_data':
	Col #0: 'sk_id': string value: NULL
	Col #1: 'name': string value: NULL

Row #2
Query: 'data':
	Col #0: 'id': string value: 3
	Col #1: 'name': string value: Cinderella
Query: 'more_data':
	Col #0: 'id': string value: 9
	Col #1: 'boss_id': string value: 3
	Col #2: 'name': string value: Fairy Godmother
Query: 'moar_data':
	Col #0: 'sk_id': string value: 9
	Col #1: 'name': string value: Prince Charming

Row #3
Query: 'data':
	Col #0: 'id': string value: 4
	Col #1: 'name': string value: Hansel
Query: 'more_data':
	Col #0: 'id': string value: 12
	Col #1: 'boss_id': string value: 4
	Col #2: 'name': string value: Gretel
Query: 'moar_data':
	Col #0: 'sk_id': string value: NULL
	Col #1: 'name': string value: NULL

Row #4
Query: 'data':
	Col #0: 'id': string value: 5
	Col #1: 'name': string value: Little Red Riding Hood
Query: 'more_data':
	Col #0: 'id': string value: NULL
	Col #1: 'boss_id': string value: NULL
	Col #2: 'name': string value: NULL
Query: 'moar_data':
	Col #0: 'sk_id': string value: NULL
	Col #1: 'name': string value: NULL

Row #5
Query: 'data':
	Col #0: 'id': string value: 6
	Col #1: 'name': string value: Robin Hood
Query: 'more_data':
	Col #0: 'id': string value: 13
	Col #1: 'boss_id': string value: 6
	Col #2: 'name': string value: Little John
Query: 'moar_data':
	Col #0: 'sk_id': string value: 13
	Col #1: 'name': string value: Will Scarlet

