PHP Warning:  OpenCReport\Query::add_follower_n_to_1(): array:b follower would create a circular graph for array:a leader
 in /home/zozo/git/OpenCReports/tests/follower_circular_test.php on line 40
PHP Warning:  OpenCReport\Query::add_follower(): array:b follower would create a circular graph for array:a leader
 in /home/zozo/git/OpenCReports/tests/follower_circular_test.php on line 44
PHP Warning:  OpenCReport\Query::add_follower_n_to_1(): array:a follower would create a circular graph for array:b leader
 in /home/zozo/git/OpenCReports/tests/follower_circular_test.php on line 49
PHP Warning:  OpenCReport\Query::add_follower(): array:a follower would create a circular graph for array:b leader
 in /home/zozo/git/OpenCReports/tests/follower_circular_test.php on line 53
PHP Warning:  Undefined variable $c in /home/zozo/git/OpenCReports/tests/follower_circular_test.php on line 61
PHP Warning:  Undefined variable $c in /home/zozo/git/OpenCReports/tests/follower_circular_test.php on line 69
PHP Warning:  OpenCReport\Query::add_follower(): array:c follower would create a circular graph for array:b leader
 in /home/zozo/git/OpenCReports/tests/follower_circular_test.php on line 84
PHP Warning:  OpenCReport\Query::add_follower_n_to_1(): array:a follower would create a circular graph for array:c leader
 in /home/zozo/git/OpenCReports/tests/follower_circular_test.php on line 89
PHP Warning:  OpenCReport\Query::add_follower(): array:a follower would create a circular graph for array:c leader
 in /home/zozo/git/OpenCReports/tests/follower_circular_test.php on line 93
PHP Warning:  OpenCReport\Query::add_follower_n_to_1(): array:c follower would create a circular graph for array:a leader
 in /home/zozo/git/OpenCReports/tests/follower_circular_test.php on line 98
PHP Warning:  OpenCReport\Query::add_follower(): array:c follower would create a circular graph for array:a leader
 in /home/zozo/git/OpenCReports/tests/follower_circular_test.php on line 102
PHP Warning:  OpenCReport\Query::add_follower_n_to_1(): array:a follower would create a circular graph for array:d leader
 in /home/zozo/git/OpenCReports/tests/follower_circular_test.php on line 115
