jsonquery6.json parsing failed (good, it's intentional)
