{
    "part": {
        "pr": {
            "pd": {
                "report": {
                    "nodata": [
                        {
                            "type": "horizontal_line",
                            "color": "#000000",
                            "indent": 0.0,
                            "size": 1.0,
                            "length": 566.47559055118108517
                        },
                        {
                            "type": "line",
                            "elements": [
                                {
                                    "type": "text",
                                    "width": 24.0,
                                    "font_point": 20.0,
                                    "font_face": "Arial",
                                    "bold": true,
                                    "italic": false,
                                    "align": "left",
                                    "bgcolor": "#0000ff",
                                    "color": "#ff0000",
                                    "data": "ABCqwpfgjyb"
                                },
                                {
                                    "type": "text",
                                    "width": 24.0,
                                    "font_point": 12.0,
                                    "font_face": "Courier",
                                    "bold": true,
                                    "italic": true,
                                    "align": "left",
                                    "bgcolor": "#ffc59f",
                                    "color": "#008000",
                                    "data": "byjgfpwqCBA"
                                },
                                {
                                    "type": "text",
                                    "width": 24.0,
                                    "font_point": 8.0,
                                    "font_face": "Petaluma Script",
                                    "bold": false,
                                    "italic": true,
                                    "align": "left",
                                    "bgcolor": "#000000",
                                    "color": "#ffffff",
                                    "data": "ABCqwpfgjyb"
                                },
                                {
                                    "type": "text",
                                    "width": 24.0,
                                    "font_point": 8.0,
                                    "font_face": "Times New Roman",
                                    "bold": false,
                                    "italic": false,
                                    "align": "left",
                                    "bgcolor": "#008080",
                                    "color": "#0000ff",
                                    "data": "byjgfpwqCBA"
                                }
                            ]
                        },
                        {
                            "type": "horizontal_line",
                            "color": "#800080",
                            "indent": 0.0,
                            "size": 1.0,
                            "length": 566.47559055118108517
                        }
                    ]
                }
            }
        }
    }
}
