"XLS test"
"ID","Name","Date","Time","DateTime","Age","Age2","Adult"
"1","Fred Flintstone","10/10/10 00:00:00","00:00:00","10/10/10 00:00:00","31.00","62.00","yes"
"2","Barney Rubble","05/07/12 00:00:00","12:37:45","05/07/12 12:37:45","","0.00","no"
"3","Bamm-Bamm Rubble","02/08/39 00:00:00","","","2.00","4.00","no"
"4","Wilma Flintstone","12/31/13 00:00:00","13:05:00","12/31/13 13:05:00","28.00","56.00","yes"
"5","Betty Rubble","08/15/13 00:00:00","","","27.00","54.00","yes"
"6","Pebbles Flintstone","01/01/40 00:00:00","","","0.50","1.00","no"
