{
    "part": {
        "pr": {
            "pd": {
                "report": {
                    "reportheader": [
                        {
                            "type": "horizontal_line",
                            "color": "#ff0000",
                            "indent": 0.0,
                            "size": 1.0,
                            "length": 566.47559055118108517
                        },
                        {
                            "type": "line",
                            "elements": [
                                {
                                    "type": "text",
                                    "width": 566.47559055118108517,
                                    "font_point": 14.0,
                                    "font_face": "Courier",
                                    "bold": false,
                                    "italic": false,
                                    "align": "left",
                                    "bgcolor": "#ffffff",
                                    "color": "#000000",
                                    "data": "Flintstones report 1 header"
                                }
                            ]
                        },
                        {
                            "type": "horizontal_line",
                            "color": "#ffffff",
                            "indent": 0.0,
                            "size": 4.0,
                            "length": 566.47559055118108517
                        },
                        {
                            "type": "horizontal_line",
                            "color": "#000000",
                            "indent": 0.0,
                            "size": 2.0,
                            "length": 566.47559055118108517
                        },
                        {
                            "type": "horizontal_line",
                            "color": "#ffffff",
                            "indent": 0.0,
                            "size": 4.0,
                            "length": 566.47559055118108517
                        }
                    ],
                    "fieldheader": [
                        {
                            "type": "horizontal_line",
                            "color": "#000000",
                            "indent": 0.0,
                            "size": 1.0,
                            "length": 566.47559055118108517
                        },
                        {
                            "type": "line",
                            "elements": [
                                {
                                    "type": "text",
                                    "width": 28.80078125,
                                    "font_point": 12.0,
                                    "font_face": "Courier",
                                    "bold": false,
                                    "italic": false,
                                    "align": "left",
                                    "bgcolor": "#e5e5e5",
                                    "color": "#000000",
                                    "data": "ID"
                                },
                                {
                                    "type": "text",
                                    "width": 7.2001953125,
                                    "font_point": 12.0,
                                    "font_face": "Courier",
                                    "bold": false,
                                    "italic": false,
                                    "align": "left",
                                    "bgcolor": "#e5e5e5",
                                    "color": "#000000",
                                    "data": ""
                                },
                                {
                                    "type": "text",
                                    "width": 144.00390625,
                                    "font_point": 12.0,
                                    "font_face": "Courier",
                                    "bold": false,
                                    "italic": false,
                                    "align": "left",
                                    "bgcolor": "#e5e5e5",
                                    "color": "#000000",
                                    "data": "Name"
                                },
                                {
                                    "type": "text",
                                    "width": 7.2001953125,
                                    "font_point": 12.0,
                                    "font_face": "Courier",
                                    "bold": false,
                                    "italic": false,
                                    "align": "left",
                                    "bgcolor": "#e5e5e5",
                                    "color": "#000000",
                                    "data": ""
                                },
                                {
                                    "type": "text",
                                    "width": 72.001953125,
                                    "font_point": 12.0,
                                    "font_face": "Courier",
                                    "bold": false,
                                    "italic": false,
                                    "align": "left",
                                    "bgcolor": "#e5e5e5",
                                    "color": "#000000",
                                    "data": "Property"
                                },
                                {
                                    "type": "text",
                                    "width": 7.2001953125,
                                    "font_point": 12.0,
                                    "font_face": "Courier",
                                    "bold": false,
                                    "italic": false,
                                    "align": "left",
                                    "bgcolor": "#e5e5e5",
                                    "color": "#000000",
                                    "data": ""
                                },
                                {
                                    "type": "text",
                                    "width": 43.201171875,
                                    "font_point": 12.0,
                                    "font_face": "Courier",
                                    "bold": false,
                                    "italic": false,
                                    "align": "left",
                                    "bgcolor": "#e5e5e5",
                                    "color": "#000000",
                                    "data": "Age"
                                },
                                {
                                    "type": "text",
                                    "width": 7.2001953125,
                                    "font_point": 12.0,
                                    "font_face": "Courier",
                                    "bold": false,
                                    "italic": false,
                                    "align": "left",
                                    "bgcolor": "#e5e5e5",
                                    "color": "#000000",
                                    "data": ""
                                },
                                {
                                    "type": "text",
                                    "width": 36.0009765625,
                                    "font_point": 12.0,
                                    "font_face": "Courier",
                                    "bold": false,
                                    "italic": false,
                                    "align": "left",
                                    "bgcolor": "#e5e5e5",
                                    "color": "#000000",
                                    "data": "Adult"
                                }
                            ]
                        },
                        {
                            "type": "horizontal_line",
                            "color": "#000000",
                            "indent": 0.0,
                            "size": 1.0,
                            "length": 566.47559055118108517
                        },
                        {
                            "type": "horizontal_line",
                            "color": "#ffffff",
                            "indent": 0.0,
                            "size": 4.0,
                            "length": 566.47559055118108517
                        }
                    ],
                    "fielddetails": [
                        {
                            "type": "line",
                            "elements": [
                                {
                                    "type": "text",
                                    "width": 28.80078125,
                                    "font_point": 12.0,
                                    "font_face": "Courier",
                                    "bold": false,
                                    "italic": false,
                                    "align": "right",
                                    "bgcolor": "#e5e5e5",
                                    "color": "#000000",
                                    "data": "1"
                                },
                                {
                                    "type": "text",
                                    "width": 7.2001953125,
                                    "font_point": 12.0,
                                    "font_face": "Courier",
                                    "bold": false,
                                    "italic": false,
                                    "align": "left",
                                    "bgcolor": "#e5e5e5",
                                    "color": "#000000",
                                    "data": ""
                                },
                                {
                                    "type": "text",
                                    "width": 144.00390625,
                                    "font_point": 12.0,
                                    "font_face": "Courier",
                                    "bold": false,
                                    "italic": false,
                                    "align": "left",
                                    "bgcolor": "#e5e5e5",
                                    "color": "#000000",
                                    "data": "Mr. George Slate"
                                },
                                {
                                    "type": "text",
                                    "width": 7.2001953125,
                                    "font_point": 12.0,
                                    "font_face": "Courier",
                                    "bold": false,
                                    "italic": false,
                                    "align": "left",
                                    "bgcolor": "#e5e5e5",
                                    "color": "#000000",
                                    "data": ""
                                },
                                {
                                    "type": "text",
                                    "width": 72.001953125,
                                    "font_point": 12.0,
                                    "font_face": "Courier",
                                    "bold": false,
                                    "italic": false,
                                    "align": "left",
                                    "bgcolor": "#e5e5e5",
                                    "color": "#000000",
                                    "data": "grumpy"
                                },
                                {
                                    "type": "text",
                                    "width": 7.2001953125,
                                    "font_point": 12.0,
                                    "font_face": "Courier",
                                    "bold": false,
                                    "italic": false,
                                    "align": "left",
                                    "bgcolor": "#e5e5e5",
                                    "color": "#000000",
                                    "data": ""
                                },
                                {
                                    "type": "text",
                                    "width": 43.201171875,
                                    "font_point": 12.0,
                                    "font_face": "Courier",
                                    "bold": false,
                                    "italic": false,
                                    "align": "right",
                                    "bgcolor": "#e5e5e5",
                                    "color": "#000000",
                                    "data": "53.00"
                                },
                                {
                                    "type": "text",
                                    "width": 7.2001953125,
                                    "font_point": 12.0,
                                    "font_face": "Courier",
                                    "bold": false,
                                    "italic": false,
                                    "align": "left",
                                    "bgcolor": "#e5e5e5",
                                    "color": "#000000",
                                    "data": ""
                                },
                                {
                                    "type": "text",
                                    "width": 36.0009765625,
                                    "font_point": 12.0,
                                    "font_face": "Courier",
                                    "bold": false,
                                    "italic": false,
                                    "align": "center",
                                    "bgcolor": "#e5e5e5",
                                    "color": "#000000",
                                    "data": "yes"
                                }
                            ]
                        }
                    ],
                    "fielddetails": [
                        {
                            "type": "line",
                            "elements": [
                                {
                                    "type": "text",
                                    "width": 28.80078125,
                                    "font_point": 12.0,
                                    "font_face": "Courier",
                                    "bold": false,
                                    "italic": false,
                                    "align": "right",
                                    "bgcolor": "#ffffff",
                                    "color": "#000000",
                                    "data": "2"
                                },
                                {
                                    "type": "text",
                                    "width": 7.2001953125,
                                    "font_point": 12.0,
                                    "font_face": "Courier",
                                    "bold": false,
                                    "italic": false,
                                    "align": "left",
                                    "bgcolor": "#ffffff",
                                    "color": "#000000",
                                    "data": ""
                                },
                                {
                                    "type": "text",
                                    "width": 144.00390625,
                                    "font_point": 12.0,
                                    "font_face": "Courier",
                                    "bold": false,
                                    "italic": false,
                                    "align": "left",
                                    "bgcolor": "#ffffff",
                                    "color": "#000000",
                                    "data": "Joe Rockhead"
                                },
                                {
                                    "type": "text",
                                    "width": 7.2001953125,
                                    "font_point": 12.0,
                                    "font_face": "Courier",
                                    "bold": false,
                                    "italic": false,
                                    "align": "left",
                                    "bgcolor": "#ffffff",
                                    "color": "#000000",
                                    "data": ""
                                },
                                {
                                    "type": "text",
                                    "width": 72.001953125,
                                    "font_point": 12.0,
                                    "font_face": "Courier",
                                    "bold": false,
                                    "italic": false,
                                    "align": "left",
                                    "bgcolor": "#ffffff",
                                    "color": "#000000",
                                    "data": "friendly"
                                },
                                {
                                    "type": "text",
                                    "width": 7.2001953125,
                                    "font_point": 12.0,
                                    "font_face": "Courier",
                                    "bold": false,
                                    "italic": false,
                                    "align": "left",
                                    "bgcolor": "#ffffff",
                                    "color": "#000000",
                                    "data": ""
                                },
                                {
                                    "type": "text",
                                    "width": 43.201171875,
                                    "font_point": 12.0,
                                    "font_face": "Courier",
                                    "bold": false,
                                    "italic": false,
                                    "align": "right",
                                    "bgcolor": "#ffffff",
                                    "color": "#000000",
                                    "data": "33.00"
                                },
                                {
                                    "type": "text",
                                    "width": 7.2001953125,
                                    "font_point": 12.0,
                                    "font_face": "Courier",
                                    "bold": false,
                                    "italic": false,
                                    "align": "left",
                                    "bgcolor": "#ffffff",
                                    "color": "#000000",
                                    "data": ""
                                },
                                {
                                    "type": "text",
                                    "width": 36.0009765625,
                                    "font_point": 12.0,
                                    "font_face": "Courier",
                                    "bold": false,
                                    "italic": false,
                                    "align": "center",
                                    "bgcolor": "#ffffff",
                                    "color": "#000000",
                                    "data": "yes"
                                }
                            ]
                        }
                    ],
                    "fielddetails": [
                        {
                            "type": "line",
                            "elements": [
                                {
                                    "type": "text",
                                    "width": 28.80078125,
                                    "font_point": 12.0,
                                    "font_face": "Courier",
                                    "bold": false,
                                    "italic": false,
                                    "align": "right",
                                    "bgcolor": "#e5e5e5",
                                    "color": "#000000",
                                    "data": "3"
                                },
                                {
                                    "type": "text",
                                    "width": 7.2001953125,
                                    "font_point": 12.0,
                                    "font_face": "Courier",
                                    "bold": false,
                                    "italic": false,
                                    "align": "left",
                                    "bgcolor": "#e5e5e5",
                                    "color": "#000000",
                                    "data": ""
                                },
                                {
                                    "type": "text",
                                    "width": 144.00390625,
                                    "font_point": 12.0,
                                    "font_face": "Courier",
                                    "bold": false,
                                    "italic": false,
                                    "align": "left",
                                    "bgcolor": "#e5e5e5",
                                    "color": "#000000",
                                    "data": "Sam Slagheap"
                                },
                                {
                                    "type": "text",
                                    "width": 7.2001953125,
                                    "font_point": 12.0,
                                    "font_face": "Courier",
                                    "bold": false,
                                    "italic": false,
                                    "align": "left",
                                    "bgcolor": "#e5e5e5",
                                    "color": "#000000",
                                    "data": ""
                                },
                                {
                                    "type": "text",
                                    "width": 72.001953125,
                                    "font_point": 12.0,
                                    "font_face": "Courier",
                                    "bold": false,
                                    "italic": false,
                                    "align": "left",
                                    "bgcolor": "#e5e5e5",
                                    "color": "#000000",
                                    "data": "leader"
                                },
                                {
                                    "type": "text",
                                    "width": 7.2001953125,
                                    "font_point": 12.0,
                                    "font_face": "Courier",
                                    "bold": false,
                                    "italic": false,
                                    "align": "left",
                                    "bgcolor": "#e5e5e5",
                                    "color": "#000000",
                                    "data": ""
                                },
                                {
                                    "type": "text",
                                    "width": 43.201171875,
                                    "font_point": 12.0,
                                    "font_face": "Courier",
                                    "bold": false,
                                    "italic": false,
                                    "align": "right",
                                    "bgcolor": "#e5e5e5",
                                    "color": "#000000",
                                    "data": "37.00"
                                },
                                {
                                    "type": "text",
                                    "width": 7.2001953125,
                                    "font_point": 12.0,
                                    "font_face": "Courier",
                                    "bold": false,
                                    "italic": false,
                                    "align": "left",
                                    "bgcolor": "#e5e5e5",
                                    "color": "#000000",
                                    "data": ""
                                },
                                {
                                    "type": "text",
                                    "width": 36.0009765625,
                                    "font_point": 12.0,
                                    "font_face": "Courier",
                                    "bold": false,
                                    "italic": false,
                                    "align": "center",
                                    "bgcolor": "#e5e5e5",
                                    "color": "#000000",
                                    "data": "yes"
                                }
                            ]
                        }
                    ],
                    "fielddetails": [
                        {
                            "type": "line",
                            "elements": [
                                {
                                    "type": "text",
                                    "width": 28.80078125,
                                    "font_point": 12.0,
                                    "font_face": "Courier",
                                    "bold": false,
                                    "italic": false,
                                    "align": "right",
                                    "bgcolor": "#ffffff",
                                    "color": "#000000",
                                    "data": "4"
                                },
                                {
                                    "type": "text",
                                    "width": 7.2001953125,
                                    "font_point": 12.0,
                                    "font_face": "Courier",
                                    "bold": false,
                                    "italic": false,
                                    "align": "left",
                                    "bgcolor": "#ffffff",
                                    "color": "#000000",
                                    "data": ""
                                },
                                {
                                    "type": "text",
                                    "width": 144.00390625,
                                    "font_point": 12.0,
                                    "font_face": "Courier",
                                    "bold": false,
                                    "italic": false,
                                    "align": "left",
                                    "bgcolor": "#ffffff",
                                    "color": "#000000",
                                    "data": "The Great Gazoo"
                                },
                                {
                                    "type": "text",
                                    "width": 7.2001953125,
                                    "font_point": 12.0,
                                    "font_face": "Courier",
                                    "bold": false,
                                    "italic": false,
                                    "align": "left",
                                    "bgcolor": "#ffffff",
                                    "color": "#000000",
                                    "data": ""
                                },
                                {
                                    "type": "text",
                                    "width": 72.001953125,
                                    "font_point": 12.0,
                                    "font_face": "Courier",
                                    "bold": false,
                                    "italic": false,
                                    "align": "left",
                                    "bgcolor": "#ffffff",
                                    "color": "#000000",
                                    "data": "alien"
                                },
                                {
                                    "type": "text",
                                    "width": 7.2001953125,
                                    "font_point": 12.0,
                                    "font_face": "Courier",
                                    "bold": false,
                                    "italic": false,
                                    "align": "left",
                                    "bgcolor": "#ffffff",
                                    "color": "#000000",
                                    "data": ""
                                },
                                {
                                    "type": "text",
                                    "width": 43.201171875,
                                    "font_point": 12.0,
                                    "font_face": "Courier",
                                    "bold": false,
                                    "italic": false,
                                    "align": "right",
                                    "bgcolor": "#ffffff",
                                    "color": "#000000",
                                    "data": "800.00"
                                },
                                {
                                    "type": "text",
                                    "width": 7.2001953125,
                                    "font_point": 12.0,
                                    "font_face": "Courier",
                                    "bold": false,
                                    "italic": false,
                                    "align": "left",
                                    "bgcolor": "#ffffff",
                                    "color": "#000000",
                                    "data": ""
                                },
                                {
                                    "type": "text",
                                    "width": 36.0009765625,
                                    "font_point": 12.0,
                                    "font_face": "Courier",
                                    "bold": false,
                                    "italic": false,
                                    "align": "center",
                                    "bgcolor": "#ffffff",
                                    "color": "#000000",
                                    "data": "yes"
                                }
                            ]
                        }
                    ],
                    "reportfooter": [
                        {
                            "type": "horizontal_line",
                            "color": "#ff0000",
                            "indent": 0.0,
                            "size": 1.0,
                            "length": 566.47559055118108517
                        },
                        {
                            "type": "line",
                            "elements": [
                                {
                                    "type": "text",
                                    "width": 566.47559055118108517,
                                    "font_point": 14.0,
                                    "font_face": "Courier",
                                    "bold": false,
                                    "italic": false,
                                    "align": "left",
                                    "bgcolor": "#ffffff",
                                    "color": "#000000",
                                    "data": "Flintstones report 1 footer"
                                }
                            ]
                        },
                        {
                            "type": "horizontal_line",
                            "color": "#ffffff",
                            "indent": 0.0,
                            "size": 4.0,
                            "length": 566.47559055118108517
                        },
                        {
                            "type": "horizontal_line",
                            "color": "#000000",
                            "indent": 0.0,
                            "size": 2.0,
                            "length": 566.47559055118108517
                        },
                        {
                            "type": "horizontal_line",
                            "color": "#ffffff",
                            "indent": 0.0,
                            "size": 4.0,
                            "length": 566.47559055118108517
                        }
                    ]
                }
            }
        }
    }
}
