"Test Report (Normal) AND THE REPORT FORMAT IS: ","CSV","3"
"Test Report (Bold)"
"Test Report (Italics)"
"Test Report (Bold and Italics)"
"BOO: ","mike is a silly pants"
"First Name","Last Name","Color"
"1"
"Bob","Doan","blue","Initials: WRD"
"Eric","Eburuschkin","green","Initials: ERB"
"FOOTER","1"
"2"
"Mike","Roth","yellow","No initials"
"Bob","Kratz","pink","Initials: RK"
"Steve","Tilden","purple","No initials"
"FOOTER","2"
"Page: ","1"
