<!DOCTYPE html>
<html lang="en">
<head>
<meta charset="utf-8" >
<link rel="preconnect" href="//fonts.gstatic.com/" >
<link rel="preconnect" href="//fonts.gstatic.com/" crossorigin >
<link rel="stylesheet" type="text/css" href="//fonts.googleapis.com/css?family=Courier" >
<style>
@import url('//fonts.googleapis.com/css?family=Courier'); 
body { background-color: #ffffff; }
table { border: 0; border-spacing: 0; padding: 0; width:100%; }
p { margin: 0; padding: 0; }
span { display: inline-flex; flex-wrap: nowrap; white-space: nowrap; text-overflow: clip; overflow: hidden; vertical-align: middle; margin: 0; padding: 0; }
</style>
<title>OpenCReports report</title></head>
<body>
<!--part start-->
<table>
<!--part row start-->
<tr style="display: flex; align-items: flex-start; ">
<!--part column start-->
<td style="width: 813.09pt; text-overflow: clip; ">
<!--part column end-->
</td>
<!--part row end-->
</tr>
<!--part row start-->
<tr style="display: flex; align-items: flex-start; ">
<!--part column start-->
<td style="width: 100%; ">
<!--part column end-->
</td>
<!--part row end-->
</tr>
<!--part row start-->
<tr style="display: flex; align-items: flex-start; ">
<!--part column start-->
<td style="width: 813.09pt; text-overflow: clip; ">
<!--output start--><section style="clear: both; width: 813.09pt; ">
<p><span style="line-height: 23.00pt; width: 813.09pt; justify-content: start; text-align: start; font-family: 'Courier'; font-size: 12.00pt; background-color: #ffffff; color: #000000; ">XLS&nbsp;test</span></p>
<!--output end--></section>
<!--output start--><section style="clear: both; width: 813.09pt; ">
<div style="display: block; margin-left: 0.00pt; height: 1.00pt; width: 813.09pt; background-color: #000000; ">&nbsp;</div>
<p><span style="line-height: 23.00pt; width: 28.80pt; justify-content: start; text-align: start; font-family: 'Courier'; font-size: 12.00pt; background-color: #e5e5e5; color: #000000; ">ID</span><span style="line-height: 23.00pt; width: 7.20pt; justify-content: start; text-align: start; font-family: 'Courier'; font-size: 12.00pt; background-color: #e5e5e5; color: #000000; ">&nbsp;</span><span style="line-height: 23.00pt; width: 144.00pt; justify-content: start; text-align: start; font-family: 'Courier'; font-size: 12.00pt; background-color: #e5e5e5; color: #000000; ">Name</span><span style="line-height: 23.00pt; width: 7.20pt; justify-content: start; text-align: start; font-family: 'Courier'; font-size: 12.00pt; background-color: #e5e5e5; color: #000000; ">&nbsp;</span><span style="line-height: 23.00pt; width: 172.80pt; justify-content: start; text-align: start; font-family: 'Courier'; font-size: 12.00pt; background-color: #e5e5e5; color: #000000; ">Date</span><span style="line-height: 23.00pt; width: 7.20pt; justify-content: start; text-align: start; font-family: 'Courier'; font-size: 12.00pt; background-color: #e5e5e5; color: #000000; ">&nbsp;</span><span style="line-height: 23.00pt; width: 72.00pt; justify-content: start; text-align: start; font-family: 'Courier'; font-size: 12.00pt; background-color: #e5e5e5; color: #000000; ">Time</span><span style="line-height: 23.00pt; width: 7.20pt; justify-content: start; text-align: start; font-family: 'Courier'; font-size: 12.00pt; background-color: #e5e5e5; color: #000000; ">&nbsp;</span><span style="line-height: 23.00pt; width: 172.80pt; justify-content: start; text-align: start; font-family: 'Courier'; font-size: 12.00pt; background-color: #e5e5e5; color: #000000; ">DateTime</span><span style="line-height: 23.00pt; width: 7.20pt; justify-content: start; text-align: start; font-family: 'Courier'; font-size: 12.00pt; background-color: #e5e5e5; color: #000000; ">&nbsp;</span><span style="line-height: 23.00pt; width: 43.20pt; justify-content: start; text-align: start; font-family: 'Courier'; font-size: 12.00pt; background-color: #e5e5e5; color: #000000; ">Age</span><span style="line-height: 23.00pt; width: 7.20pt; justify-content: start; text-align: start; font-family: 'Courier'; font-size: 12.00pt; background-color: #e5e5e5; color: #000000; ">&nbsp;</span><span style="line-height: 23.00pt; width: 43.20pt; justify-content: start; text-align: start; font-family: 'Courier'; font-size: 12.00pt; background-color: #e5e5e5; color: #000000; ">Age2</span><span style="line-height: 23.00pt; width: 7.20pt; justify-content: start; text-align: start; font-family: 'Courier'; font-size: 12.00pt; background-color: #e5e5e5; color: #000000; ">&nbsp;</span><span style="line-height: 23.00pt; width: 36.00pt; justify-content: start; text-align: start; font-family: 'Courier'; font-size: 12.00pt; background-color: #e5e5e5; color: #000000; ">Adult</span></p>
<div style="display: block; margin-left: 0.00pt; height: 1.00pt; width: 813.09pt; background-color: #000000; ">&nbsp;</div>
<div style="display: block; margin-left: 0.00pt; height: 4.00pt; width: 813.09pt; background-color: #ffffff; ">&nbsp;</div>
<!--output end--></section>
<!--output start--><section style="clear: both; width: 813.09pt; ">
<p><span style="line-height: 23.00pt; width: 28.80pt; justify-content: end; text-align: end; font-family: 'Courier'; font-size: 12.00pt; background-color: #e5e5e5; color: #000000; ">1</span><span style="line-height: 23.00pt; width: 7.20pt; justify-content: start; text-align: start; font-family: 'Courier'; font-size: 12.00pt; background-color: #e5e5e5; color: #000000; ">&nbsp;</span><span style="line-height: 23.00pt; width: 144.00pt; justify-content: start; text-align: start; font-family: 'Courier'; font-size: 12.00pt; background-color: #e5e5e5; color: #000000; ">Fred&nbsp;Flintstone</span><span style="line-height: 23.00pt; width: 7.20pt; justify-content: start; text-align: start; font-family: 'Courier'; font-size: 12.00pt; background-color: #e5e5e5; color: #000000; ">&nbsp;</span><span style="line-height: 23.00pt; width: 172.80pt; justify-content: start; text-align: start; font-family: 'Courier'; font-size: 12.00pt; background-color: #e5e5e5; color: #000000; ">10/10/10&nbsp;00:00:00</span><span style="line-height: 23.00pt; width: 7.20pt; justify-content: start; text-align: start; font-family: 'Courier'; font-size: 12.00pt; background-color: #e5e5e5; color: #000000; ">&nbsp;</span><span style="line-height: 23.00pt; width: 72.00pt; justify-content: start; text-align: start; font-family: 'Courier'; font-size: 12.00pt; background-color: #e5e5e5; color: #000000; ">00:00:00</span><span style="line-height: 23.00pt; width: 7.20pt; justify-content: start; text-align: start; font-family: 'Courier'; font-size: 12.00pt; background-color: #e5e5e5; color: #000000; ">&nbsp;</span><span style="line-height: 23.00pt; width: 172.80pt; justify-content: start; text-align: start; font-family: 'Courier'; font-size: 12.00pt; background-color: #e5e5e5; color: #000000; ">10/10/10&nbsp;00:00:00</span><span style="line-height: 23.00pt; width: 7.20pt; justify-content: start; text-align: start; font-family: 'Courier'; font-size: 12.00pt; background-color: #e5e5e5; color: #000000; ">&nbsp;</span><span style="line-height: 23.00pt; width: 43.20pt; justify-content: end; text-align: end; font-family: 'Courier'; font-size: 12.00pt; background-color: #e5e5e5; color: #000000; ">31.00</span><span style="line-height: 23.00pt; width: 7.20pt; justify-content: start; text-align: start; font-family: 'Courier'; font-size: 12.00pt; background-color: #e5e5e5; color: #000000; ">&nbsp;</span><span style="line-height: 23.00pt; width: 43.20pt; justify-content: end; text-align: end; font-family: 'Courier'; font-size: 12.00pt; background-color: #e5e5e5; color: #000000; ">62.00</span><span style="line-height: 23.00pt; width: 7.20pt; justify-content: start; text-align: start; font-family: 'Courier'; font-size: 12.00pt; background-color: #e5e5e5; color: #000000; ">&nbsp;</span><span style="line-height: 23.00pt; width: 36.00pt; justify-content: center; text-align: center; font-family: 'Courier'; font-size: 12.00pt; background-color: #e5e5e5; color: #000000; ">yes</span></p>
<!--output end--></section>
<!--output start--><section style="clear: both; width: 813.09pt; ">
<p><span style="line-height: 23.00pt; width: 28.80pt; justify-content: end; text-align: end; font-family: 'Courier'; font-size: 12.00pt; background-color: #ffffff; color: #000000; ">2</span><span style="line-height: 23.00pt; width: 7.20pt; justify-content: start; text-align: start; font-family: 'Courier'; font-size: 12.00pt; background-color: #ffffff; color: #000000; ">&nbsp;</span><span style="line-height: 23.00pt; width: 144.00pt; justify-content: start; text-align: start; font-family: 'Courier'; font-size: 12.00pt; background-color: #ffffff; color: #000000; ">Barney&nbsp;Rubble</span><span style="line-height: 23.00pt; width: 7.20pt; justify-content: start; text-align: start; font-family: 'Courier'; font-size: 12.00pt; background-color: #ffffff; color: #000000; ">&nbsp;</span><span style="line-height: 23.00pt; width: 172.80pt; justify-content: start; text-align: start; font-family: 'Courier'; font-size: 12.00pt; background-color: #ffffff; color: #000000; ">05/07/12&nbsp;00:00:00</span><span style="line-height: 23.00pt; width: 7.20pt; justify-content: start; text-align: start; font-family: 'Courier'; font-size: 12.00pt; background-color: #ffffff; color: #000000; ">&nbsp;</span><span style="line-height: 23.00pt; width: 72.00pt; justify-content: start; text-align: start; font-family: 'Courier'; font-size: 12.00pt; background-color: #ffffff; color: #000000; ">12:37:45</span><span style="line-height: 23.00pt; width: 7.20pt; justify-content: start; text-align: start; font-family: 'Courier'; font-size: 12.00pt; background-color: #ffffff; color: #000000; ">&nbsp;</span><span style="line-height: 23.00pt; width: 172.80pt; justify-content: start; text-align: start; font-family: 'Courier'; font-size: 12.00pt; background-color: #ffffff; color: #000000; ">05/07/12&nbsp;12:37:45</span><span style="line-height: 23.00pt; width: 7.20pt; justify-content: start; text-align: start; font-family: 'Courier'; font-size: 12.00pt; background-color: #ffffff; color: #000000; ">&nbsp;</span><span style="line-height: 23.00pt; width: 43.20pt; justify-content: end; text-align: end; font-family: 'Courier'; font-size: 12.00pt; background-color: #ffffff; color: #000000; ">&nbsp;</span><span style="line-height: 23.00pt; width: 7.20pt; justify-content: start; text-align: start; font-family: 'Courier'; font-size: 12.00pt; background-color: #ffffff; color: #000000; ">&nbsp;</span><span style="line-height: 23.00pt; width: 43.20pt; justify-content: end; text-align: end; font-family: 'Courier'; font-size: 12.00pt; background-color: #ffffff; color: #000000; ">0.00</span><span style="line-height: 23.00pt; width: 7.20pt; justify-content: start; text-align: start; font-family: 'Courier'; font-size: 12.00pt; background-color: #ffffff; color: #000000; ">&nbsp;</span><span style="line-height: 23.00pt; width: 36.00pt; justify-content: center; text-align: center; font-family: 'Courier'; font-size: 12.00pt; background-color: #ffffff; color: #000000; ">no</span></p>
<!--output end--></section>
<!--output start--><section style="clear: both; width: 813.09pt; ">
<p><span style="line-height: 23.00pt; width: 28.80pt; justify-content: end; text-align: end; font-family: 'Courier'; font-size: 12.00pt; background-color: #e5e5e5; color: #000000; ">3</span><span style="line-height: 23.00pt; width: 7.20pt; justify-content: start; text-align: start; font-family: 'Courier'; font-size: 12.00pt; background-color: #e5e5e5; color: #000000; ">&nbsp;</span><span style="line-height: 23.00pt; width: 144.00pt; justify-content: start; text-align: start; font-family: 'Courier'; font-size: 12.00pt; background-color: #e5e5e5; color: #000000; ">Bamm-Bamm&nbsp;Rubble</span><span style="line-height: 23.00pt; width: 7.20pt; justify-content: start; text-align: start; font-family: 'Courier'; font-size: 12.00pt; background-color: #e5e5e5; color: #000000; ">&nbsp;</span><span style="line-height: 23.00pt; width: 172.80pt; justify-content: start; text-align: start; font-family: 'Courier'; font-size: 12.00pt; background-color: #e5e5e5; color: #000000; ">02/08/39&nbsp;00:00:00</span><span style="line-height: 23.00pt; width: 7.20pt; justify-content: start; text-align: start; font-family: 'Courier'; font-size: 12.00pt; background-color: #e5e5e5; color: #000000; ">&nbsp;</span><span style="line-height: 23.00pt; width: 72.00pt; justify-content: start; text-align: start; font-family: 'Courier'; font-size: 12.00pt; background-color: #e5e5e5; color: #000000; ">&nbsp;</span><span style="line-height: 23.00pt; width: 7.20pt; justify-content: start; text-align: start; font-family: 'Courier'; font-size: 12.00pt; background-color: #e5e5e5; color: #000000; ">&nbsp;</span><span style="line-height: 23.00pt; width: 172.80pt; justify-content: start; text-align: start; font-family: 'Courier'; font-size: 12.00pt; background-color: #e5e5e5; color: #000000; ">&nbsp;</span><span style="line-height: 23.00pt; width: 7.20pt; justify-content: start; text-align: start; font-family: 'Courier'; font-size: 12.00pt; background-color: #e5e5e5; color: #000000; ">&nbsp;</span><span style="line-height: 23.00pt; width: 43.20pt; justify-content: end; text-align: end; font-family: 'Courier'; font-size: 12.00pt; background-color: #e5e5e5; color: #000000; ">2.00</span><span style="line-height: 23.00pt; width: 7.20pt; justify-content: start; text-align: start; font-family: 'Courier'; font-size: 12.00pt; background-color: #e5e5e5; color: #000000; ">&nbsp;</span><span style="line-height: 23.00pt; width: 43.20pt; justify-content: end; text-align: end; font-family: 'Courier'; font-size: 12.00pt; background-color: #e5e5e5; color: #000000; ">4.00</span><span style="line-height: 23.00pt; width: 7.20pt; justify-content: start; text-align: start; font-family: 'Courier'; font-size: 12.00pt; background-color: #e5e5e5; color: #000000; ">&nbsp;</span><span style="line-height: 23.00pt; width: 36.00pt; justify-content: center; text-align: center; font-family: 'Courier'; font-size: 12.00pt; background-color: #e5e5e5; color: #000000; ">no</span></p>
<!--output end--></section>
<!--output start--><section style="clear: both; width: 813.09pt; ">
<p><span style="line-height: 23.00pt; width: 28.80pt; justify-content: end; text-align: end; font-family: 'Courier'; font-size: 12.00pt; background-color: #ffffff; color: #000000; ">4</span><span style="line-height: 23.00pt; width: 7.20pt; justify-content: start; text-align: start; font-family: 'Courier'; font-size: 12.00pt; background-color: #ffffff; color: #000000; ">&nbsp;</span><span style="line-height: 23.00pt; width: 144.00pt; justify-content: start; text-align: start; font-family: 'Courier'; font-size: 12.00pt; background-color: #ffffff; color: #000000; ">Wilma&nbsp;Flintstone</span><span style="line-height: 23.00pt; width: 7.20pt; justify-content: start; text-align: start; font-family: 'Courier'; font-size: 12.00pt; background-color: #ffffff; color: #000000; ">&nbsp;</span><span style="line-height: 23.00pt; width: 172.80pt; justify-content: start; text-align: start; font-family: 'Courier'; font-size: 12.00pt; background-color: #ffffff; color: #000000; ">12/31/13&nbsp;00:00:00</span><span style="line-height: 23.00pt; width: 7.20pt; justify-content: start; text-align: start; font-family: 'Courier'; font-size: 12.00pt; background-color: #ffffff; color: #000000; ">&nbsp;</span><span style="line-height: 23.00pt; width: 72.00pt; justify-content: start; text-align: start; font-family: 'Courier'; font-size: 12.00pt; background-color: #ffffff; color: #000000; ">13:05:00</span><span style="line-height: 23.00pt; width: 7.20pt; justify-content: start; text-align: start; font-family: 'Courier'; font-size: 12.00pt; background-color: #ffffff; color: #000000; ">&nbsp;</span><span style="line-height: 23.00pt; width: 172.80pt; justify-content: start; text-align: start; font-family: 'Courier'; font-size: 12.00pt; background-color: #ffffff; color: #000000; ">12/31/13&nbsp;13:05:00</span><span style="line-height: 23.00pt; width: 7.20pt; justify-content: start; text-align: start; font-family: 'Courier'; font-size: 12.00pt; background-color: #ffffff; color: #000000; ">&nbsp;</span><span style="line-height: 23.00pt; width: 43.20pt; justify-content: end; text-align: end; font-family: 'Courier'; font-size: 12.00pt; background-color: #ffffff; color: #000000; ">28.00</span><span style="line-height: 23.00pt; width: 7.20pt; justify-content: start; text-align: start; font-family: 'Courier'; font-size: 12.00pt; background-color: #ffffff; color: #000000; ">&nbsp;</span><span style="line-height: 23.00pt; width: 43.20pt; justify-content: end; text-align: end; font-family: 'Courier'; font-size: 12.00pt; background-color: #ffffff; color: #000000; ">56.00</span><span style="line-height: 23.00pt; width: 7.20pt; justify-content: start; text-align: start; font-family: 'Courier'; font-size: 12.00pt; background-color: #ffffff; color: #000000; ">&nbsp;</span><span style="line-height: 23.00pt; width: 36.00pt; justify-content: center; text-align: center; font-family: 'Courier'; font-size: 12.00pt; background-color: #ffffff; color: #000000; ">yes</span></p>
<!--output end--></section>
<!--output start--><section style="clear: both; width: 813.09pt; ">
<p><span style="line-height: 23.00pt; width: 28.80pt; justify-content: end; text-align: end; font-family: 'Courier'; font-size: 12.00pt; background-color: #e5e5e5; color: #000000; ">5</span><span style="line-height: 23.00pt; width: 7.20pt; justify-content: start; text-align: start; font-family: 'Courier'; font-size: 12.00pt; background-color: #e5e5e5; color: #000000; ">&nbsp;</span><span style="line-height: 23.00pt; width: 144.00pt; justify-content: start; text-align: start; font-family: 'Courier'; font-size: 12.00pt; background-color: #e5e5e5; color: #000000; ">Betty&nbsp;Rubble</span><span style="line-height: 23.00pt; width: 7.20pt; justify-content: start; text-align: start; font-family: 'Courier'; font-size: 12.00pt; background-color: #e5e5e5; color: #000000; ">&nbsp;</span><span style="line-height: 23.00pt; width: 172.80pt; justify-content: start; text-align: start; font-family: 'Courier'; font-size: 12.00pt; background-color: #e5e5e5; color: #000000; ">08/15/13&nbsp;00:00:00</span><span style="line-height: 23.00pt; width: 7.20pt; justify-content: start; text-align: start; font-family: 'Courier'; font-size: 12.00pt; background-color: #e5e5e5; color: #000000; ">&nbsp;</span><span style="line-height: 23.00pt; width: 72.00pt; justify-content: start; text-align: start; font-family: 'Courier'; font-size: 12.00pt; background-color: #e5e5e5; color: #000000; ">&nbsp;</span><span style="line-height: 23.00pt; width: 7.20pt; justify-content: start; text-align: start; font-family: 'Courier'; font-size: 12.00pt; background-color: #e5e5e5; color: #000000; ">&nbsp;</span><span style="line-height: 23.00pt; width: 172.80pt; justify-content: start; text-align: start; font-family: 'Courier'; font-size: 12.00pt; background-color: #e5e5e5; color: #000000; ">&nbsp;</span><span style="line-height: 23.00pt; width: 7.20pt; justify-content: start; text-align: start; font-family: 'Courier'; font-size: 12.00pt; background-color: #e5e5e5; color: #000000; ">&nbsp;</span><span style="line-height: 23.00pt; width: 43.20pt; justify-content: end; text-align: end; font-family: 'Courier'; font-size: 12.00pt; background-color: #e5e5e5; color: #000000; ">27.00</span><span style="line-height: 23.00pt; width: 7.20pt; justify-content: start; text-align: start; font-family: 'Courier'; font-size: 12.00pt; background-color: #e5e5e5; color: #000000; ">&nbsp;</span><span style="line-height: 23.00pt; width: 43.20pt; justify-content: end; text-align: end; font-family: 'Courier'; font-size: 12.00pt; background-color: #e5e5e5; color: #000000; ">54.00</span><span style="line-height: 23.00pt; width: 7.20pt; justify-content: start; text-align: start; font-family: 'Courier'; font-size: 12.00pt; background-color: #e5e5e5; color: #000000; ">&nbsp;</span><span style="line-height: 23.00pt; width: 36.00pt; justify-content: center; text-align: center; font-family: 'Courier'; font-size: 12.00pt; background-color: #e5e5e5; color: #000000; ">yes</span></p>
<!--output end--></section>
<!--output start--><section style="clear: both; width: 813.09pt; ">
<p><span style="line-height: 23.00pt; width: 28.80pt; justify-content: end; text-align: end; font-family: 'Courier'; font-size: 12.00pt; background-color: #ffffff; color: #000000; ">6</span><span style="line-height: 23.00pt; width: 7.20pt; justify-content: start; text-align: start; font-family: 'Courier'; font-size: 12.00pt; background-color: #ffffff; color: #000000; ">&nbsp;</span><span style="line-height: 23.00pt; width: 144.00pt; justify-content: start; text-align: start; font-family: 'Courier'; font-size: 12.00pt; background-color: #ffffff; color: #000000; ">Pebbles&nbsp;Flintstone</span><span style="line-height: 23.00pt; width: 7.20pt; justify-content: start; text-align: start; font-family: 'Courier'; font-size: 12.00pt; background-color: #ffffff; color: #000000; ">&nbsp;</span><span style="line-height: 23.00pt; width: 172.80pt; justify-content: start; text-align: start; font-family: 'Courier'; font-size: 12.00pt; background-color: #ffffff; color: #000000; ">01/01/40&nbsp;00:00:00</span><span style="line-height: 23.00pt; width: 7.20pt; justify-content: start; text-align: start; font-family: 'Courier'; font-size: 12.00pt; background-color: #ffffff; color: #000000; ">&nbsp;</span><span style="line-height: 23.00pt; width: 72.00pt; justify-content: start; text-align: start; font-family: 'Courier'; font-size: 12.00pt; background-color: #ffffff; color: #000000; ">&nbsp;</span><span style="line-height: 23.00pt; width: 7.20pt; justify-content: start; text-align: start; font-family: 'Courier'; font-size: 12.00pt; background-color: #ffffff; color: #000000; ">&nbsp;</span><span style="line-height: 23.00pt; width: 172.80pt; justify-content: start; text-align: start; font-family: 'Courier'; font-size: 12.00pt; background-color: #ffffff; color: #000000; ">&nbsp;</span><span style="line-height: 23.00pt; width: 7.20pt; justify-content: start; text-align: start; font-family: 'Courier'; font-size: 12.00pt; background-color: #ffffff; color: #000000; ">&nbsp;</span><span style="line-height: 23.00pt; width: 43.20pt; justify-content: end; text-align: end; font-family: 'Courier'; font-size: 12.00pt; background-color: #ffffff; color: #000000; ">0.50</span><span style="line-height: 23.00pt; width: 7.20pt; justify-content: start; text-align: start; font-family: 'Courier'; font-size: 12.00pt; background-color: #ffffff; color: #000000; ">&nbsp;</span><span style="line-height: 23.00pt; width: 43.20pt; justify-content: end; text-align: end; font-family: 'Courier'; font-size: 12.00pt; background-color: #ffffff; color: #000000; ">1.00</span><span style="line-height: 23.00pt; width: 7.20pt; justify-content: start; text-align: start; font-family: 'Courier'; font-size: 12.00pt; background-color: #ffffff; color: #000000; ">&nbsp;</span><span style="line-height: 23.00pt; width: 36.00pt; justify-content: center; text-align: center; font-family: 'Courier'; font-size: 12.00pt; background-color: #ffffff; color: #000000; ">no</span></p>
<!--output end--></section>
<!--part column end-->
</td>
<!--part row end-->
</tr>
<!--part row start-->
<tr style="display: flex; align-items: flex-start; ">
<!--part column start-->
<td style="width: 100%; ">
<!--part column end-->
</td>
<!--part row end-->
</tr>
<!--part end-->
</table>
</body></html>
