                                                                                              Page header: 1 / 1
ID    Name                     Property   Age         Adult  
    1 Fred Flintstone           strong        31.00    yes   
    2 Wilma Flintstone         charming       28.00    yes   
      Lorem ipsum dolor sit                                  
      amet, consectetur adi                                  
      piscing elit, sed do                                   
      eiusmod tempor incidi                                  
      dunt ut labore et dol                                  
      ore magna aliqua. Ut                                   
      enim ad minim veniam,                                  
      quis nostrud exercita                                  
      tion ullamco laboris                                   
      nisi ut aliquip ex ea                                  
      commodo consequat. Du                                  
      is aute irure dolor in                                 
      reprehenderit in volu                                  
      ptate velit esse cill                                  
      um dolore eu fugiat n                                  
      ulla pariatur. Except                                  
      eur sint occaecat cup                                  
      idatat non proident,                                   
      sunt in culpa qui offi                                 
      cia deserunt mollit a                                  
      nim id est laborum.                                    
      Wilma Flintstone                                       
      Lorem ipsum dolor sit                                  
      amet, consectetur adi                                  
      piscing elit, sed do                                   
      eiusmod tempor incidi                                  
      dunt ut labore et dol                                  
      ore magna aliqua. Ut                                   
      enim ad minim veniam,                                  
      quis nostrud exercita                                  
      tion ullamco laboris                                   
      nisi ut aliquip ex ea                                  
      commodo consequat. Du                                  
      is aute irure dolor in                                 
      reprehenderit in volu                                  
      ptate velit esse cill                                  
      um dolore eu fugiat n                                  
      ulla pariatur. Except                                  
      eur sint occaecat cup                                  
      idatat non proident,                                   
      sunt in culpa qui offi                                 
      cia deserunt mollit a                                  
      nim id est laborum.                                    
      Wilma Flintstone                                       
      Lorem ipsum dolor sit                                  
      amet, consectetur adi                                  
      piscing elit, sed do                                   
      eiusmod tempor incidi                                  
      dunt ut labore et dol                                  
      ore magna aliqua. Ut                                   
      enim ad minim veniam,                                  
      quis nostrud exercita                                  
      tion ullamco laboris                                   
      nisi ut aliquip ex ea                                  
      commodo consequat. Du                                  
      is aute irure dolor in                                 
      reprehenderit in volu                                  
      ptate velit esse cill                                  
      um dolore eu fugiat n                                  
      ulla pariatur. Except                                  
      eur sint occaecat cup                                  
      idatat non proident,                                   
      sunt in culpa qui offi                                 
      cia deserunt mollit a                                  
      nim id est laborum.                                    
      Wilma Flintstone                                       
      Lorem ipsum dolor sit                                  
      amet, consectetur adi                                  
      piscing elit, sed do                                   
      eiusmod tempor incidi                                  
      dunt ut labore et dol                                  
      ore magna aliqua. Ut                                   
      enim ad minim veniam,                                  
      quis nostrud exercita                                  
      tion ullamco laboris                                   
      nisi ut aliquip ex ea                                  
      commodo consequat. Du                                  
      is aute irure dolor in                                 
      reprehenderit in volu                                  
      ptate velit esse cill                                  
      um dolore eu fugiat n                                  
      ulla pariatur. Except                                  
      eur sint occaecat cup                                  
      idatat non proident,                                   
      sunt in culpa qui offi                                 
      cia deserunt mollit a                                  
      nim id est laborum.                                    
      Wilma Flintstone                                       
      Lorem ipsum dolor sit                                  
      amet, consectetur adi                                  
      piscing elit, sed do                                   
      eiusmod tempor incidi                                  
      dunt ut labore et dol                                  
      ore magna aliqua. Ut                                   
      enim ad minim veniam,                                  
      quis nostrud exercita                                  
      tion ullamco laboris                                   
      nisi ut aliquip ex ea                                  
      commodo consequat. Du                                  
      is aute irure dolor in                                 
      reprehenderit in volu                                  
      ptate velit esse cill                                  
      um dolore eu fugiat n                                  
      ulla pariatur. Except                                  
      eur sint occaecat cup                                  
      idatat non proident,                                   
      sunt in culpa qui offi                                 
      cia deserunt mollit a                                  
      nim id est laborum.                                    
      Wilma Flintstone                                       
      Lorem ipsum dolor sit                                  
      amet, consectetur adi                                  
      piscing elit, sed do                                   
      eiusmod tempor incidi                                  
      dunt ut labore et dol                                  
      ore magna aliqua. Ut                                   
      enim ad minim veniam,                                  
      quis nostrud exercita                                  
      tion ullamco laboris                                   
      nisi ut aliquip ex ea                                  
      commodo consequat. Du                                  
      is aute irure dolor in                                 
      reprehenderit in volu                                  
      ptate velit esse cill                                  
      um dolore eu fugiat n                                  
      ulla pariatur. Except                                  
      eur sint occaecat cup                                  
      idatat non proident,                                   
      sunt in culpa qui offi                                 
      cia deserunt mollit a                                  
      nim id est laborum.                                    
      Wilma Flintstone                                       
      Lorem ipsum dolor sit                                  
      amet, consectetur adi                                  
      piscing elit, sed do                                   
      eiusmod tempor incidi                                  
      dunt ut labore et dol                                  
      ore magna aliqua. Ut                                   
      enim ad minim veniam,                                  
      quis nostrud exercita                                  
      tion ullamco laboris                                   
      nisi ut aliquip ex ea                                  
      commodo consequat. Du                                  
      is aute irure dolor in                                 
      reprehenderit in volu                                  
      ptate velit esse cill                                  
      um dolore eu fugiat n                                  
      ulla pariatur. Except                                  
      eur sint occaecat cup                                  
      idatat non proident,                                   
      sunt in culpa qui offi                                 
      cia deserunt mollit a                                  
      nim id est laborum.                                    
    3 Pebbles Flintstone         young         0.50    no    
    4 Betty Rubble             beautiful      27.00    yes   
      Lorem ipsum dolor sit                                  
      amet, consectetur adi                                  
      piscing elit, sed do                                   
      eiusmod tempor incidi                                  
      dunt ut labore et dol                                  
      ore magna aliqua. Ut                                   
      enim ad minim veniam,                                  
      quis nostrud exercita                                  
      tion ullamco laboris                                   
      nisi ut aliquip ex ea                                  
      commodo consequat. Du                                  
      is aute irure dolor in                                 
      reprehenderit in volu                                  
      ptate velit esse cill                                  
      um dolore eu fugiat n                                  
      ulla pariatur. Except                                  
      eur sint occaecat cup                                  
      idatat non proident,                                   
      sunt in culpa qui offi                                 
      cia deserunt mollit a                                  
      nim id est laborum.                                    
      Betty Rubble                                           
      Lorem ipsum dolor sit                                  
      amet, consectetur adi                                  
      piscing elit, sed do                                   
      eiusmod tempor incidi                                  
      dunt ut labore et dol                                  
      ore magna aliqua. Ut                                   
      enim ad minim veniam,                                  
      quis nostrud exercita                                  
      tion ullamco laboris                                   
      nisi ut aliquip ex ea                                  
      commodo consequat. Du                                  
      is aute irure dolor in                                 
      reprehenderit in volu                                  
      ptate velit esse cill                                  
      um dolore eu fugiat n                                  
      ulla pariatur. Except                                  
      eur sint occaecat cup                                  
      idatat non proident,                                   
      sunt in culpa qui offi                                 
      cia deserunt mollit a                                  
      nim id est laborum.                                    
      Betty Rubble                                           
      Lorem ipsum dolor sit                                  
      amet, consectetur adi                                  
      piscing elit, sed do                                   
      eiusmod tempor incidi                                  
      dunt ut labore et dol                                  
      ore magna aliqua. Ut                                   
      enim ad minim veniam,                                  
      quis nostrud exercita                                  
      tion ullamco laboris                                   
      nisi ut aliquip ex ea                                  
      commodo consequat. Du                                  
      is aute irure dolor in                                 
      reprehenderit in volu                                  
      ptate velit esse cill                                  
      um dolore eu fugiat n                                  
      ulla pariatur. Except                                  
      eur sint occaecat cup                                  
      idatat non proident,                                   
      sunt in culpa qui offi                                 
      cia deserunt mollit a                                  
      nim id est laborum.                                    
      Betty Rubble                                           
      Lorem ipsum dolor sit                                  
      amet, consectetur adi                                  
      piscing elit, sed do                                   
      eiusmod tempor incidi                                  
      dunt ut labore et dol                                  
      ore magna aliqua. Ut                                   
      enim ad minim veniam,                                  
      quis nostrud exercita                                  
      tion ullamco laboris                                   
      nisi ut aliquip ex ea                                  
      commodo consequat. Du                                  
      is aute irure dolor in                                 
      reprehenderit in volu                                  
      ptate velit esse cill                                  
      um dolore eu fugiat n                                  
      ulla pariatur. Except                                  
      eur sint occaecat cup                                  
      idatat non proident,                                   
      sunt in culpa qui offi                                 
      cia deserunt mollit a                                  
      nim id est laborum.                                    
      Betty Rubble                                           
      Lorem ipsum dolor sit                                  
      amet, consectetur adi                                  
      piscing elit, sed do                                   
      eiusmod tempor incidi                                  
      dunt ut labore et dol                                  
      ore magna aliqua. Ut                                   
      enim ad minim veniam,                                  
      quis nostrud exercita                                  
      tion ullamco laboris                                   
      nisi ut aliquip ex ea                                  
      commodo consequat. Du                                  
      is aute irure dolor in                                 
      reprehenderit in volu                                  
      ptate velit esse cill                                  
      um dolore eu fugiat n                                  
      ulla pariatur. Except                                  
      eur sint occaecat cup                                  
      idatat non proident,                                   
      sunt in culpa qui offi                                 
      cia deserunt mollit a                                  
      nim id est laborum.                                    
      Betty Rubble                                           
      Lorem ipsum dolor sit                                  
      amet, consectetur adi                                  
      piscing elit, sed do                                   
      eiusmod tempor incidi                                  
      dunt ut labore et dol                                  
      ore magna aliqua. Ut                                   
      enim ad minim veniam,                                  
      quis nostrud exercita                                  
      tion ullamco laboris                                   
      nisi ut aliquip ex ea                                  
      commodo consequat. Du                                  
      is aute irure dolor in                                 
      reprehenderit in volu                                  
      ptate velit esse cill                                  
      um dolore eu fugiat n                                  
      ulla pariatur. Except                                  
      eur sint occaecat cup                                  
      idatat non proident,                                   
      sunt in culpa qui offi                                 
      cia deserunt mollit a                                  
      nim id est laborum.                                    
      Betty Rubble                                           
      Lorem ipsum dolor sit                                  
      amet, consectetur adi                                  
      piscing elit, sed do                                   
      eiusmod tempor incidi                                  
      dunt ut labore et dol                                  
      ore magna aliqua. Ut                                   
      enim ad minim veniam,                                  
      quis nostrud exercita                                  
      tion ullamco laboris                                   
      nisi ut aliquip ex ea                                  
      commodo consequat. Du                                  
      is aute irure dolor in                                 
      reprehenderit in volu                                  
      ptate velit esse cill                                  
      um dolore eu fugiat n                                  
      ulla pariatur. Except                                  
      eur sint occaecat cup                                  
      idatat non proident,                                   
      sunt in culpa qui offi                                 
      cia deserunt mollit a                                  
      nim id est laborum.                                    
    5 Barney Rubble              small        29.00    yes   
    6 Mr. George Slate          grumpy        53.00    yes   
    7 Joe Rockhead             friendly       33.00    yes   
    8 Sam Slagheap              leader        37.00    yes   
    9 The Great Gazoo          hostile      1200.00    yes   
      Lorem ipsum dolor sit      alien                       
      amet, consectetur adi                                  
      piscing elit, sed do                                   
      eiusmod tempor incidi                                  
      dunt ut labore et dol                                  
      ore magna aliqua. Ut                                   
      enim ad minim veniam,                                  
      quis nostrud exercita                                  
      tion ullamco laboris                                   
      nisi ut aliquip ex ea                                  
      commodo consequat. Du                                  
      is aute irure dolor in                                 
      reprehenderit in volu                                  
      ptate velit esse cill                                  
      um dolore eu fugiat n                                  
      ulla pariatur. Except                                  
      eur sint occaecat cup                                  
      idatat non proident,                                   
      sunt in culpa qui offi                                 
      cia deserunt mollit a                                  
      nim id est laborum.                                    
      The Great Gazoo                                        
      Lorem ipsum dolor sit                                  
      amet, consectetur adi                                  
      piscing elit, sed do                                   
      eiusmod tempor incidi                                  
      dunt ut labore et dol                                  
      ore magna aliqua. Ut                                   
      enim ad minim veniam,                                  
      quis nostrud exercita                                  
      tion ullamco laboris                                   
      nisi ut aliquip ex ea                                  
      commodo consequat. Du                                  
      is aute irure dolor in                                 
      reprehenderit in volu                                  
      ptate velit esse cill                                  
      um dolore eu fugiat n                                  
      ulla pariatur. Except                                  
      eur sint occaecat cup                                  
      idatat non proident,                                   
      sunt in culpa qui offi                                 
      cia deserunt mollit a                                  
      nim id est laborum.                                    
      The Great Gazoo                                        
      Lorem ipsum dolor sit                                  
      amet, consectetur adi                                  
      piscing elit, sed do                                   
      eiusmod tempor incidi                                  
      dunt ut labore et dol                                  
      ore magna aliqua. Ut                                   
      enim ad minim veniam,                                  
      quis nostrud exercita                                  
      tion ullamco laboris                                   
      nisi ut aliquip ex ea                                  
      commodo consequat. Du                                  
      is aute irure dolor in                                 
      reprehenderit in volu                                  
      ptate velit esse cill                                  
      um dolore eu fugiat n                                  
      ulla pariatur. Except                                  
      eur sint occaecat cup                                  
      idatat non proident,                                   
      sunt in culpa qui offi                                 
      cia deserunt mollit a                                  
      nim id est laborum.                                    
      The Great Gazoo                                        
      Lorem ipsum dolor sit                                  
      amet, consectetur adi                                  
      piscing elit, sed do                                   
      eiusmod tempor incidi                                  
      dunt ut labore et dol                                  
      ore magna aliqua. Ut                                   
      enim ad minim veniam,                                  
      quis nostrud exercita                                  
      tion ullamco laboris                                   
      nisi ut aliquip ex ea                                  
      commodo consequat. Du                                  
      is aute irure dolor in                                 
      reprehenderit in volu                                  
      ptate velit esse cill                                  
      um dolore eu fugiat n                                  
      ulla pariatur. Except                                  
      eur sint occaecat cup                                  
      idatat non proident,                                   
      sunt in culpa qui offi                                 
      cia deserunt mollit a                                  
      nim id est laborum.                                    
      The Great Gazoo                                        
      Lorem ipsum dolor sit                                  
      amet, consectetur adi                                  
      piscing elit, sed do                                   
      eiusmod tempor incidi                                  
      dunt ut labore et dol                                  
      ore magna aliqua. Ut                                   
      enim ad minim veniam,                                  
      quis nostrud exercita                                  
      tion ullamco laboris                                   
      nisi ut aliquip ex ea                                  
      commodo consequat. Du                                  
      is aute irure dolor in                                 
      reprehenderit in volu                                  
      ptate velit esse cill                                  
      um dolore eu fugiat n                                  
      ulla pariatur. Except                                  
      eur sint occaecat cup                                  
      idatat non proident,                                   
      sunt in culpa qui offi                                 
      cia deserunt mollit a                                  
      nim id est laborum.                                    
      The Great Gazoo                                        
      Lorem ipsum dolor sit                                  
      amet, consectetur adi                                  
      piscing elit, sed do                                   
      eiusmod tempor incidi                                  
      dunt ut labore et dol                                  
      ore magna aliqua. Ut                                   
      enim ad minim veniam,                                  
      quis nostrud exercita                                  
      tion ullamco laboris                                   
      nisi ut aliquip ex ea                                  
      commodo consequat. Du                                  
      is aute irure dolor in                                 
      reprehenderit in volu                                  
      ptate velit esse cill                                  
      um dolore eu fugiat n                                  
      ulla pariatur. Except                                  
      eur sint occaecat cup                                  
      idatat non proident,                                   
      sunt in culpa qui offi                                 
      cia deserunt mollit a                                  
      nim id est laborum.                                    
      The Great Gazoo                                        
      Lorem ipsum dolor sit                                  
      amet, consectetur adi                                  
      piscing elit, sed do                                   
      eiusmod tempor incidi                                  
      dunt ut labore et dol                                  
      ore magna aliqua. Ut                                   
      enim ad minim veniam,                                  
      quis nostrud exercita                                  
      tion ullamco laboris                                   
      nisi ut aliquip ex ea                                  
      commodo consequat. Du                                  
      is aute irure dolor in                                 
      reprehenderit in volu                                  
      ptate velit esse cill                                  
      um dolore eu fugiat n                                  
      ulla pariatur. Except                                  
      eur sint occaecat cup                                  
      idatat non proident,                                   
      sunt in culpa qui offi                                 
      cia deserunt mollit a                                  
      nim id est laborum.                                    
                                                                                              Page footer: 1 / 1
