"Yabba dabba doo header ","average age: 19.58"
"Male break header","20.67"
"Adult break header","20.67"
"ID","Name","Property","Age","Adult"
"1","Fred Flintstone","strong","31.00","yes"
"2","Barney Rubble","small","29.00","yes"
"Adult break footer","20.67"
"Kid break header","20.67"
"ID","Name","Property","Age","Adult"
"3","Bamm-Bamm Rubble","energetic","2.00","no"
"Kid break footer","20.67"
"Male break footer","20.67"
"Female break header","18.50"
"Adult break header","18.50"
"ID","Name","Property","Age","Adult"
"4","Wilma Flintstone","charming","28.00","yes"
"5","Betty Rubble","beautiful","27.00","yes"
"Adult break footer","18.50"
"Kid break header","18.50"
"ID","Name","Property","Age","Adult"
"6","Pebbles Flintstone","young","0.50","no"
"Kid break footer","18.50"
"Female break footer","18.50"
"Yabba dabba doo footer ","average age: 19.58"
