"Page header: 1 / 1"
"ID","Name","lineno","rownum","detailcnt"
"2","Barney Rubble","2","2","2"
"4","Wilma Flintstone","4","4","4"
"6","Pebbles Flintstone","6","6","6"
"8","Barney Rubble","8","8","8"
"10","Wilma Flintstone","10","10","10"
"12","Pebbles Flintstone","12","12","12"
"14","Barney Rubble","14","14","14"
"16","Wilma Flintstone","16","16","16"
"18","Pebbles Flintstone","18","18","18"
"20","Barney Rubble","20","20","20"
"22","Wilma Flintstone","22","22","22"
"24","Pebbles Flintstone","24","24","24"
"26","Barney Rubble","26","26","26"
"28","Wilma Flintstone","28","28","28"
"30","Pebbles Flintstone","30","30","30"
"32","Barney Rubble","32","32","32"
"34","Wilma Flintstone","34","34","34"
"36","Pebbles Flintstone","36","36","36"
"38","Barney Rubble","38","38","38"
"40","Wilma Flintstone","40","40","40"
"42","Pebbles Flintstone","42","42","42"
"44","Barney Rubble","44","44","44"
"46","Wilma Flintstone","46","46","46"
"48","Pebbles Flintstone","48","48","48"
"50","Barney Rubble","50","50","50"
"52","Wilma Flintstone","52","52","52"
"54","Pebbles Flintstone","54","54","54"
"56","Barney Rubble","56","56","56"
"58","Wilma Flintstone","58","58","58"
"60","Pebbles Flintstone","60","60","60"
"2","Barney Rubble","62","62","62"
"4","Wilma Flintstone","64","64","64"
"6","Pebbles Flintstone","66","66","66"
"8","Barney Rubble","68","68","68"
"10","Wilma Flintstone","70","70","70"
"12","Pebbles Flintstone","72","72","72"
"14","Barney Rubble","74","74","74"
"16","Wilma Flintstone","76","76","76"
"18","Pebbles Flintstone","78","78","78"
"20","Barney Rubble","80","80","80"
"22","Wilma Flintstone","82","82","82"
"24","Pebbles Flintstone","84","84","84"
"26","Barney Rubble","86","86","86"
"28","Wilma Flintstone","88","88","88"
"30","Pebbles Flintstone","90","90","90"
"32","Barney Rubble","92","92","92"
"34","Wilma Flintstone","94","94","94"
"36","Pebbles Flintstone","96","96","96"
"38","Barney Rubble","98","98","98"
"40","Wilma Flintstone","100","100","100"
"42","Pebbles Flintstone","102","102","102"
"44","Barney Rubble","104","104","104"
"46","Wilma Flintstone","106","106","106"
"48","Pebbles Flintstone","108","108","108"
"50","Barney Rubble","110","110","110"
"52","Wilma Flintstone","112","112","112"
"54","Pebbles Flintstone","114","114","114"
"56","Barney Rubble","116","116","116"
"58","Wilma Flintstone","118","118","118"
"60","Pebbles Flintstone","120","120","120"
"Page footer: 1 / 1"
