{
    "part": {
        "pr": {
            "pd": {
                "report": {
                    "reportheader": [
                        {
                            "type": "horizontal_line",
                            "color": "#ff0000",
                            "indent": 0.0,
                            "size": 1.0,
                            "length": 566.47559055118108517
                        },
                        {
                            "type": "line",
                            "elements": [
                                {
                                    "type": "text",
                                    "width": 566.47559055118108517,
                                    "font_point": 14.0,
                                    "font_face": "Courier",
                                    "bold": false,
                                    "italic": false,
                                    "align": "left",
                                    "bgcolor": "#ffffff",
                                    "color": "#000000",
                                    "data": "Flintstones report 1 header"
                                }
                            ]
                        },
                        {
                            "type": "horizontal_line",
                            "color": "#ffffff",
                            "indent": 0.0,
                            "size": 4.0,
                            "length": 566.47559055118108517
                        },
                        {
                            "type": "horizontal_line",
                            "color": "#000000",
                            "indent": 0.0,
                            "size": 2.0,
                            "length": 566.47559055118108517
                        },
                        {
                            "type": "horizontal_line",
                            "color": "#ffffff",
                            "indent": 0.0,
                            "size": 4.0,
                            "length": 566.47559055118108517
                        }
                    ],
                    "fieldheader": [
                        {
                            "type": "horizontal_line",
                            "color": "#000000",
                            "indent": 0.0,
                            "size": 1.0,
                            "length": 566.47559055118108517
                        },
                        {
                            "type": "line",
                            "elements": [
                                {
                                    "type": "text",
                                    "width": 28.80078125,
                                    "font_point": 12.0,
                                    "font_face": "Courier",
                                    "bold": false,
                                    "italic": false,
                                    "align": "left",
                                    "bgcolor": "#e5e5e5",
                                    "color": "#000000",
                                    "data": "ID"
                                },
                                {
                                    "type": "text",
                                    "width": 7.2001953125,
                                    "font_point": 12.0,
                                    "font_face": "Courier",
                                    "bold": false,
                                    "italic": false,
                                    "align": "left",
                                    "bgcolor": "#e5e5e5",
                                    "color": "#000000",
                                    "data": ""
                                },
                                {
                                    "type": "text",
                                    "width": 144.00390625,
                                    "font_point": 12.0,
                                    "font_face": "Courier",
                                    "bold": false,
                                    "italic": false,
                                    "align": "left",
                                    "bgcolor": "#e5e5e5",
                                    "color": "#000000",
                                    "data": "Name"
                                },
                                {
                                    "type": "text",
                                    "width": 7.2001953125,
                                    "font_point": 12.0,
                                    "font_face": "Courier",
                                    "bold": false,
                                    "italic": false,
                                    "align": "left",
                                    "bgcolor": "#e5e5e5",
                                    "color": "#000000",
                                    "data": ""
                                },
                                {
                                    "type": "text",
                                    "width": 72.001953125,
                                    "font_point": 12.0,
                                    "font_face": "Courier",
                                    "bold": false,
                                    "italic": false,
                                    "align": "left",
                                    "bgcolor": "#e5e5e5",
                                    "color": "#000000",
                                    "data": "Property"
                                },
                                {
                                    "type": "text",
                                    "width": 7.2001953125,
                                    "font_point": 12.0,
                                    "font_face": "Courier",
                                    "bold": false,
                                    "italic": false,
                                    "align": "left",
                                    "bgcolor": "#e5e5e5",
                                    "color": "#000000",
                                    "data": ""
                                },
                                {
                                    "type": "text",
                                    "width": 36.0009765625,
                                    "font_point": 12.0,
                                    "font_face": "Courier",
                                    "bold": false,
                                    "italic": false,
                                    "align": "left",
                                    "bgcolor": "#e5e5e5",
                                    "color": "#000000",
                                    "data": "Age"
                                },
                                {
                                    "type": "text",
                                    "width": 7.2001953125,
                                    "font_point": 12.0,
                                    "font_face": "Courier",
                                    "bold": false,
                                    "italic": false,
                                    "align": "left",
                                    "bgcolor": "#e5e5e5",
                                    "color": "#000000",
                                    "data": ""
                                },
                                {
                                    "type": "text",
                                    "width": 36.0009765625,
                                    "font_point": 12.0,
                                    "font_face": "Courier",
                                    "bold": false,
                                    "italic": false,
                                    "align": "left",
                                    "bgcolor": "#e5e5e5",
                                    "color": "#000000",
                                    "data": "Adult"
                                }
                            ]
                        },
                        {
                            "type": "horizontal_line",
                            "color": "#000000",
                            "indent": 0.0,
                            "size": 1.0,
                            "length": 566.47559055118108517
                        },
                        {
                            "type": "horizontal_line",
                            "color": "#ffffff",
                            "indent": 0.0,
                            "size": 4.0,
                            "length": 566.47559055118108517
                        }
                    ],
                    "fielddetails": [
                        {
                            "type": "line",
                            "elements": [
                                {
                                    "type": "text",
                                    "width": 28.80078125,
                                    "font_point": 12.0,
                                    "font_face": "Courier",
                                    "bold": false,
                                    "italic": false,
                                    "align": "right",
                                    "bgcolor": "#e5e5e5",
                                    "color": "#000000",
                                    "data": "1"
                                },
                                {
                                    "type": "text",
                                    "width": 7.2001953125,
                                    "font_point": 12.0,
                                    "font_face": "Courier",
                                    "bold": false,
                                    "italic": false,
                                    "align": "left",
                                    "bgcolor": "#e5e5e5",
                                    "color": "#000000",
                                    "data": ""
                                },
                                {
                                    "type": "text",
                                    "width": 144.00390625,
                                    "font_point": 12.0,
                                    "font_face": "Courier",
                                    "bold": false,
                                    "italic": false,
                                    "align": "left",
                                    "bgcolor": "#e5e5e5",
                                    "color": "#000000",
                                    "data": "Fred Flintstone"
                                },
                                {
                                    "type": "text",
                                    "width": 7.2001953125,
                                    "font_point": 12.0,
                                    "font_face": "Courier",
                                    "bold": false,
                                    "italic": false,
                                    "align": "left",
                                    "bgcolor": "#e5e5e5",
                                    "color": "#000000",
                                    "data": ""
                                },
                                {
                                    "type": "text",
                                    "width": 72.001953125,
                                    "font_point": 12.0,
                                    "font_face": "Courier",
                                    "bold": false,
                                    "italic": false,
                                    "align": "left",
                                    "bgcolor": "#e5e5e5",
                                    "color": "#000000",
                                    "data": "strong"
                                },
                                {
                                    "type": "text",
                                    "width": 7.2001953125,
                                    "font_point": 12.0,
                                    "font_face": "Courier",
                                    "bold": false,
                                    "italic": false,
                                    "align": "left",
                                    "bgcolor": "#e5e5e5",
                                    "color": "#000000",
                                    "data": ""
                                },
                                {
                                    "type": "text",
                                    "width": 36.0009765625,
                                    "font_point": 12.0,
                                    "font_face": "Courier",
                                    "bold": false,
                                    "italic": false,
                                    "align": "right",
                                    "bgcolor": "#e5e5e5",
                                    "color": "#000000",
                                    "data": "31.00"
                                },
                                {
                                    "type": "text",
                                    "width": 7.2001953125,
                                    "font_point": 12.0,
                                    "font_face": "Courier",
                                    "bold": false,
                                    "italic": false,
                                    "align": "left",
                                    "bgcolor": "#e5e5e5",
                                    "color": "#000000",
                                    "data": ""
                                },
                                {
                                    "type": "text",
                                    "width": 36.0009765625,
                                    "font_point": 12.0,
                                    "font_face": "Courier",
                                    "bold": false,
                                    "italic": false,
                                    "align": "center",
                                    "bgcolor": "#e5e5e5",
                                    "color": "#000000",
                                    "data": "yes"
                                }
                            ]
                        }
                    ],
                    "fielddetails": [
                        {
                            "type": "line",
                            "elements": [
                                {
                                    "type": "text",
                                    "width": 28.80078125,
                                    "font_point": 12.0,
                                    "font_face": "Courier",
                                    "bold": false,
                                    "italic": false,
                                    "align": "right",
                                    "bgcolor": "#ffffff",
                                    "color": "#000000",
                                    "data": "2"
                                },
                                {
                                    "type": "text",
                                    "width": 7.2001953125,
                                    "font_point": 12.0,
                                    "font_face": "Courier",
                                    "bold": false,
                                    "italic": false,
                                    "align": "left",
                                    "bgcolor": "#ffffff",
                                    "color": "#000000",
                                    "data": ""
                                },
                                {
                                    "type": "text",
                                    "width": 144.00390625,
                                    "font_point": 12.0,
                                    "font_face": "Courier",
                                    "bold": false,
                                    "italic": false,
                                    "align": "left",
                                    "bgcolor": "#ffffff",
                                    "color": "#000000",
                                    "data": "Wilma Flintstone"
                                },
                                {
                                    "type": "text",
                                    "width": 7.2001953125,
                                    "font_point": 12.0,
                                    "font_face": "Courier",
                                    "bold": false,
                                    "italic": false,
                                    "align": "left",
                                    "bgcolor": "#ffffff",
                                    "color": "#000000",
                                    "data": ""
                                },
                                {
                                    "type": "text",
                                    "width": 72.001953125,
                                    "font_point": 12.0,
                                    "font_face": "Courier",
                                    "bold": false,
                                    "italic": false,
                                    "align": "left",
                                    "bgcolor": "#ffffff",
                                    "color": "#000000",
                                    "data": "charming"
                                },
                                {
                                    "type": "text",
                                    "width": 7.2001953125,
                                    "font_point": 12.0,
                                    "font_face": "Courier",
                                    "bold": false,
                                    "italic": false,
                                    "align": "left",
                                    "bgcolor": "#ffffff",
                                    "color": "#000000",
                                    "data": ""
                                },
                                {
                                    "type": "text",
                                    "width": 36.0009765625,
                                    "font_point": 12.0,
                                    "font_face": "Courier",
                                    "bold": false,
                                    "italic": false,
                                    "align": "right",
                                    "bgcolor": "#ffffff",
                                    "color": "#000000",
                                    "data": "28.00"
                                },
                                {
                                    "type": "text",
                                    "width": 7.2001953125,
                                    "font_point": 12.0,
                                    "font_face": "Courier",
                                    "bold": false,
                                    "italic": false,
                                    "align": "left",
                                    "bgcolor": "#ffffff",
                                    "color": "#000000",
                                    "data": ""
                                },
                                {
                                    "type": "text",
                                    "width": 36.0009765625,
                                    "font_point": 12.0,
                                    "font_face": "Courier",
                                    "bold": false,
                                    "italic": false,
                                    "align": "center",
                                    "bgcolor": "#ffffff",
                                    "color": "#000000",
                                    "data": "yes"
                                }
                            ]
                        }
                    ],
                    "fielddetails": [
                        {
                            "type": "line",
                            "elements": [
                                {
                                    "type": "text",
                                    "width": 28.80078125,
                                    "font_point": 12.0,
                                    "font_face": "Courier",
                                    "bold": false,
                                    "italic": false,
                                    "align": "right",
                                    "bgcolor": "#e5e5e5",
                                    "color": "#000000",
                                    "data": "3"
                                },
                                {
                                    "type": "text",
                                    "width": 7.2001953125,
                                    "font_point": 12.0,
                                    "font_face": "Courier",
                                    "bold": false,
                                    "italic": false,
                                    "align": "left",
                                    "bgcolor": "#e5e5e5",
                                    "color": "#000000",
                                    "data": ""
                                },
                                {
                                    "type": "text",
                                    "width": 144.00390625,
                                    "font_point": 12.0,
                                    "font_face": "Courier",
                                    "bold": false,
                                    "italic": false,
                                    "align": "left",
                                    "bgcolor": "#e5e5e5",
                                    "color": "#000000",
                                    "data": "Pebbles Flintstone"
                                },
                                {
                                    "type": "text",
                                    "width": 7.2001953125,
                                    "font_point": 12.0,
                                    "font_face": "Courier",
                                    "bold": false,
                                    "italic": false,
                                    "align": "left",
                                    "bgcolor": "#e5e5e5",
                                    "color": "#000000",
                                    "data": ""
                                },
                                {
                                    "type": "text",
                                    "width": 72.001953125,
                                    "font_point": 12.0,
                                    "font_face": "Courier",
                                    "bold": false,
                                    "italic": false,
                                    "align": "left",
                                    "bgcolor": "#e5e5e5",
                                    "color": "#000000",
                                    "data": "young"
                                },
                                {
                                    "type": "text",
                                    "width": 7.2001953125,
                                    "font_point": 12.0,
                                    "font_face": "Courier",
                                    "bold": false,
                                    "italic": false,
                                    "align": "left",
                                    "bgcolor": "#e5e5e5",
                                    "color": "#000000",
                                    "data": ""
                                },
                                {
                                    "type": "text",
                                    "width": 36.0009765625,
                                    "font_point": 12.0,
                                    "font_face": "Courier",
                                    "bold": false,
                                    "italic": false,
                                    "align": "right",
                                    "bgcolor": "#e5e5e5",
                                    "color": "#000000",
                                    "data": "0.50"
                                },
                                {
                                    "type": "text",
                                    "width": 7.2001953125,
                                    "font_point": 12.0,
                                    "font_face": "Courier",
                                    "bold": false,
                                    "italic": false,
                                    "align": "left",
                                    "bgcolor": "#e5e5e5",
                                    "color": "#000000",
                                    "data": ""
                                },
                                {
                                    "type": "text",
                                    "width": 36.0009765625,
                                    "font_point": 12.0,
                                    "font_face": "Courier",
                                    "bold": false,
                                    "italic": false,
                                    "align": "center",
                                    "bgcolor": "#e5e5e5",
                                    "color": "#000000",
                                    "data": "no"
                                }
                            ]
                        }
                    ],
                    "fielddetails": [
                        {
                            "type": "line",
                            "elements": [
                                {
                                    "type": "text",
                                    "width": 28.80078125,
                                    "font_point": 12.0,
                                    "font_face": "Courier",
                                    "bold": false,
                                    "italic": false,
                                    "align": "right",
                                    "bgcolor": "#ffffff",
                                    "color": "#000000",
                                    "data": "4"
                                },
                                {
                                    "type": "text",
                                    "width": 7.2001953125,
                                    "font_point": 12.0,
                                    "font_face": "Courier",
                                    "bold": false,
                                    "italic": false,
                                    "align": "left",
                                    "bgcolor": "#ffffff",
                                    "color": "#000000",
                                    "data": ""
                                },
                                {
                                    "type": "text",
                                    "width": 144.00390625,
                                    "font_point": 12.0,
                                    "font_face": "Courier",
                                    "bold": false,
                                    "italic": false,
                                    "align": "left",
                                    "bgcolor": "#ffffff",
                                    "color": "#000000",
                                    "data": "Betty Rubble"
                                },
                                {
                                    "type": "text",
                                    "width": 7.2001953125,
                                    "font_point": 12.0,
                                    "font_face": "Courier",
                                    "bold": false,
                                    "italic": false,
                                    "align": "left",
                                    "bgcolor": "#ffffff",
                                    "color": "#000000",
                                    "data": ""
                                },
                                {
                                    "type": "text",
                                    "width": 72.001953125,
                                    "font_point": 12.0,
                                    "font_face": "Courier",
                                    "bold": false,
                                    "italic": false,
                                    "align": "left",
                                    "bgcolor": "#ffffff",
                                    "color": "#000000",
                                    "data": "beautiful"
                                },
                                {
                                    "type": "text",
                                    "width": 7.2001953125,
                                    "font_point": 12.0,
                                    "font_face": "Courier",
                                    "bold": false,
                                    "italic": false,
                                    "align": "left",
                                    "bgcolor": "#ffffff",
                                    "color": "#000000",
                                    "data": ""
                                },
                                {
                                    "type": "text",
                                    "width": 36.0009765625,
                                    "font_point": 12.0,
                                    "font_face": "Courier",
                                    "bold": false,
                                    "italic": false,
                                    "align": "right",
                                    "bgcolor": "#ffffff",
                                    "color": "#000000",
                                    "data": "27.00"
                                },
                                {
                                    "type": "text",
                                    "width": 7.2001953125,
                                    "font_point": 12.0,
                                    "font_face": "Courier",
                                    "bold": false,
                                    "italic": false,
                                    "align": "left",
                                    "bgcolor": "#ffffff",
                                    "color": "#000000",
                                    "data": ""
                                },
                                {
                                    "type": "text",
                                    "width": 36.0009765625,
                                    "font_point": 12.0,
                                    "font_face": "Courier",
                                    "bold": false,
                                    "italic": false,
                                    "align": "center",
                                    "bgcolor": "#ffffff",
                                    "color": "#000000",
                                    "data": "yes"
                                }
                            ]
                        }
                    ],
                    "fielddetails": [
                        {
                            "type": "line",
                            "elements": [
                                {
                                    "type": "text",
                                    "width": 28.80078125,
                                    "font_point": 12.0,
                                    "font_face": "Courier",
                                    "bold": false,
                                    "italic": false,
                                    "align": "right",
                                    "bgcolor": "#e5e5e5",
                                    "color": "#000000",
                                    "data": "5"
                                },
                                {
                                    "type": "text",
                                    "width": 7.2001953125,
                                    "font_point": 12.0,
                                    "font_face": "Courier",
                                    "bold": false,
                                    "italic": false,
                                    "align": "left",
                                    "bgcolor": "#e5e5e5",
                                    "color": "#000000",
                                    "data": ""
                                },
                                {
                                    "type": "text",
                                    "width": 144.00390625,
                                    "font_point": 12.0,
                                    "font_face": "Courier",
                                    "bold": false,
                                    "italic": false,
                                    "align": "left",
                                    "bgcolor": "#e5e5e5",
                                    "color": "#000000",
                                    "data": "Barney Rubble"
                                },
                                {
                                    "type": "text",
                                    "width": 7.2001953125,
                                    "font_point": 12.0,
                                    "font_face": "Courier",
                                    "bold": false,
                                    "italic": false,
                                    "align": "left",
                                    "bgcolor": "#e5e5e5",
                                    "color": "#000000",
                                    "data": ""
                                },
                                {
                                    "type": "text",
                                    "width": 72.001953125,
                                    "font_point": 12.0,
                                    "font_face": "Courier",
                                    "bold": false,
                                    "italic": false,
                                    "align": "left",
                                    "bgcolor": "#e5e5e5",
                                    "color": "#000000",
                                    "data": "small"
                                },
                                {
                                    "type": "text",
                                    "width": 7.2001953125,
                                    "font_point": 12.0,
                                    "font_face": "Courier",
                                    "bold": false,
                                    "italic": false,
                                    "align": "left",
                                    "bgcolor": "#e5e5e5",
                                    "color": "#000000",
                                    "data": ""
                                },
                                {
                                    "type": "text",
                                    "width": 36.0009765625,
                                    "font_point": 12.0,
                                    "font_face": "Courier",
                                    "bold": false,
                                    "italic": false,
                                    "align": "right",
                                    "bgcolor": "#e5e5e5",
                                    "color": "#000000",
                                    "data": "29.00"
                                },
                                {
                                    "type": "text",
                                    "width": 7.2001953125,
                                    "font_point": 12.0,
                                    "font_face": "Courier",
                                    "bold": false,
                                    "italic": false,
                                    "align": "left",
                                    "bgcolor": "#e5e5e5",
                                    "color": "#000000",
                                    "data": ""
                                },
                                {
                                    "type": "text",
                                    "width": 36.0009765625,
                                    "font_point": 12.0,
                                    "font_face": "Courier",
                                    "bold": false,
                                    "italic": false,
                                    "align": "center",
                                    "bgcolor": "#e5e5e5",
                                    "color": "#000000",
                                    "data": "yes"
                                }
                            ]
                        }
                    ],
                    "reportfooter": [
                        {
                            "type": "horizontal_line",
                            "color": "#ff0000",
                            "indent": 0.0,
                            "size": 1.0,
                            "length": 566.47559055118108517
                        },
                        {
                            "type": "line",
                            "elements": [
                                {
                                    "type": "text",
                                    "width": 566.47559055118108517,
                                    "font_point": 14.0,
                                    "font_face": "Courier",
                                    "bold": false,
                                    "italic": false,
                                    "align": "left",
                                    "bgcolor": "#ffffff",
                                    "color": "#000000",
                                    "data": "Flintstones report 1 footer"
                                }
                            ]
                        },
                        {
                            "type": "horizontal_line",
                            "color": "#ffffff",
                            "indent": 0.0,
                            "size": 4.0,
                            "length": 566.47559055118108517
                        },
                        {
                            "type": "horizontal_line",
                            "color": "#000000",
                            "indent": 0.0,
                            "size": 2.0,
                            "length": 566.47559055118108517
                        },
                        {
                            "type": "horizontal_line",
                            "color": "#ffffff",
                            "indent": 0.0,
                            "size": 4.0,
                            "length": 566.47559055118108517
                        }
                    ]
                }
            }
        }
    }
}
