<!DOCTYPE html>
<html lang="en">
<head>
<meta charset="utf-8" >
<link rel="preconnect" href="//fonts.gstatic.com/" >
<link rel="preconnect" href="//fonts.gstatic.com/" crossorigin >
<link rel="stylesheet" type="text/css" href="//fonts.googleapis.com/css?family=Courier" >
<style>
@import url('//fonts.googleapis.com/css?family=Courier'); 
body { background-color: #ffffff; }
table { border: 0; border-spacing: 0; padding: 0; width:100%; }
p { margin: 0; padding: 0; }
span { display: inline-flex; flex-wrap: nowrap; white-space: nowrap; text-overflow: clip; overflow: hidden; vertical-align: middle; margin: 0; padding: 0; }
</style>
<title>OpenCReports report</title></head>
<body>
<!--part start-->
<table>
<!--part row start-->
<tr style="display: flex; align-items: flex-start; ">
<!--part column start-->
<td style="width: 566.48pt; text-overflow: clip; ">
<!--part column end-->
</td>
<!--part row end-->
</tr>
<!--part row start-->
<tr style="display: flex; align-items: flex-start; ">
<!--part column start-->
<td style="width: 100%; ">
<!--part column end-->
</td>
<!--part row end-->
</tr>
<!--part row start-->
<tr style="display: flex; align-items: flex-start; ">
<!--part column start-->
<td style="width: 566.48pt; text-overflow: clip; ">
<!--output start--><section style="clear: both; width: 566.48pt; ">
<div style="display: block; margin-left: 0.00pt; height: 1.00pt; width: 566.48pt; background-color: #000000; ">&nbsp;</div>
<p><span style="line-height: 23.00pt; width: 24.00pt; justify-content: start; text-align: start; font-family: 'Arial'; font-size: 20.00pt; background-color: #0000ff; color: #ff0000; font-weight: bold; ">ABCqwpfgjyb</span><span style="line-height: 23.00pt; width: 24.00pt; justify-content: start; text-align: start; font-family: 'Courier'; font-size: 12.00pt; background-color: #ffc59f; color: #008000; font-weight: bold; font-style: italic; ">byjgfpwqCBA</span><span style="line-height: 23.00pt; width: 24.00pt; justify-content: start; text-align: start; font-family: 'Petaluma Script'; font-size: 8.00pt; background-color: #000000; color: #ffffff; font-style: italic; ">ABCqwpfgjyb</span><span style="line-height: 23.00pt; width: 24.00pt; justify-content: start; text-align: start; font-family: 'Times New Roman'; font-size: 8.00pt; background-color: #008080; color: #0000ff; ">byjgfpwqCBA</span></p>
<div style="display: block; margin-left: 0.00pt; height: 1.00pt; width: 566.48pt; background-color: #800080; ">&nbsp;</div>
<!--output end--></section>
<!--part column end-->
</td>
<!--part row end-->
</tr>
<!--part row start-->
<tr style="display: flex; align-items: flex-start; ">
<!--part column start-->
<td style="width: 100%; ">
<!--part column end-->
</td>
<!--part row end-->
</tr>
<!--part end-->
</table>
</body></html>
