"There","is","no","data","here."
"There","is","no","data","here."
"There","is","no","data","here."
"There","is","no","data","here."
"There","is","no","data","here."
"There","is","no","data","here."
"There","is","no","data","here."
"There","is","no","data","here."
"There","is","no","data","here."
"There","is","no","data","here."
"There","is","no","data","here."
"There","is","no","data","here."
"There","is","no","data","here."
"There","is","no","data","here."
"There","is","no","data","here."
"There","is","no","data","here."
"There","is","no","data","here."
