<!DOCTYPE html>
<html lang="en">
<head>
<meta charset="utf-8" >
<link rel="preconnect" href="//fonts.gstatic.com/" >
<link rel="preconnect" href="//fonts.gstatic.com/" crossorigin >
<link rel="stylesheet" type="text/css" href="//fonts.googleapis.com/css?family=Courier" >
<style>
@import url('//fonts.googleapis.com/css?family=Courier'); 
body { background-color: #ffffff; }
table { border: 0; border-spacing: 0; padding: 0; width:100%; }
p { margin: 0; padding: 0; }
span { display: inline-flex; flex-wrap: nowrap; white-space: nowrap; text-overflow: clip; overflow: hidden; vertical-align: middle; margin: 0; padding: 0; }
</style>
<title>OpenCReports report</title></head>
<body>
<!--part start-->
<table>
<!--part row start-->
<tr style="display: flex; align-items: flex-start; ">
<!--part column start-->
<td style="width: 566.48pt; text-overflow: clip; ">
<!--part column end-->
</td>
<!--part row end-->
</tr>
<!--part row start-->
<tr style="display: flex; align-items: flex-start; ">
<!--part column start-->
<td style="width: 100%; ">
<!--part column end-->
</td>
<!--part row end-->
</tr>
<!--part row start-->
<tr style="display: flex; align-items: flex-start; ">
<!--part column start-->
<td style="width: 566.48pt; text-overflow: clip; ">
<!--output start--><section style="clear: both; width: 566.48pt; ">
<p style="line-height: 23.00pt; "><span style="line-height: 23.00pt; width: 28.80pt; justify-content: end; text-align: end; font-family: 'Courier'; font-size: 12.00pt; background-color: #ffffff; color: #000000; ">ID</span><span style="line-height: 23.00pt; width: 7.20pt; justify-content: start; text-align: start; font-family: 'Courier'; font-size: 12.00pt; background-color: #ff0000; color: #000000; ">&nbsp;</span><span style="line-height: 23.00pt; width: 144.00pt; justify-content: start; text-align: start; font-family: 'Courier'; font-size: 12.00pt; background-color: #ffffff; color: #000000; ">String</span><span style="line-height: 23.00pt; width: 7.20pt; justify-content: start; text-align: start; font-family: 'Courier'; font-size: 12.00pt; background-color: #ff0000; color: #000000; ">&nbsp;</span><span style="line-height: 23.00pt; width: 144.00pt; justify-content: center; text-align: center; font-family: 'Courier'; font-size: 12.00pt; background-color: #ffffff; color: #000000; ">Barcode</span><span style="line-height: 23.00pt; width: 7.20pt; justify-content: start; text-align: start; font-family: 'Courier'; font-size: 12.00pt; background-color: #ff0000; color: #000000; ">&nbsp;</span></p>
<div style="display: block; margin-left: 0.00pt; height: 1.00pt; width: 566.48pt; background-color: #ff0000; ">&nbsp;</div>
<!--output end--></section>
<!--output start--><section style="clear: both; width: 566.48pt; ">
<p style="line-height: 23.00pt; "><span style="line-height: 23.00pt; width: 28.80pt; justify-content: end; text-align: end; font-family: 'Courier'; font-size: 12.00pt; background-color: #ffffff; color: #000000; ">1</span><span style="line-height: 23.00pt; width: 7.20pt; justify-content: start; text-align: start; font-family: 'Courier'; font-size: 12.00pt; background-color: #ff0000; color: #000000; ">&nbsp;</span><span style="line-height: 23.00pt; width: 144.00pt; justify-content: start; text-align: start; font-family: 'Courier'; font-size: 12.00pt; background-color: #ffffff; color: #000000; ">123456789010</span><span style="line-height: 23.00pt; width: 7.20pt; justify-content: start; text-align: start; font-family: 'Courier'; font-size: 12.00pt; background-color: #ff0000; color: #000000; ">&nbsp;</span><span style="width: 144.00pt; height: 23.00pt; text-align: start; align-items: start; justify-content: start; "><img src="data:image/png;base64,iVBORw0KGgoAAAANSUhEUgAAAHMAAAAXCAYAAAA4JnCqAAAABmJLR0QA/wD/AP+gvaeTAAAAgklEQVRoge3RMQ6AMAzAwIT//zlMVFWVIWxg+RZQSSnCWVUVA5kZVbWu+9pzHxFrZtft657t7zjPffMt3cx0z/SbzzPO9e5fdPumMxPXaEq/YEwQY4IYE8SYIMYEMSaIMUGMCWJMEGOCGBPEmCDGBDEmiDFBjAliTBBjghgTxJjSF91iel4o1Q+wpgAAAABJRU5ErkJggg==" style="width: 100%; height: 100%; "></span><span style="line-height: 23.00pt; width: 7.20pt; justify-content: start; text-align: start; font-family: 'Courier'; font-size: 12.00pt; background-color: #ff0000; color: #000000; ">&nbsp;</span></p>
<div style="display: block; margin-left: 0.00pt; height: 1.00pt; width: 566.48pt; background-color: #ff0000; ">&nbsp;</div>
<!--output end--></section>
<!--output start--><section style="clear: both; width: 566.48pt; ">
<p style="line-height: 23.00pt; "><span style="line-height: 23.00pt; width: 28.80pt; justify-content: end; text-align: end; font-family: 'Courier'; font-size: 12.00pt; background-color: #ffffff; color: #000000; ">2</span><span style="line-height: 23.00pt; width: 7.20pt; justify-content: start; text-align: start; font-family: 'Courier'; font-size: 12.00pt; background-color: #ff0000; color: #000000; ">&nbsp;</span><span style="line-height: 23.00pt; width: 144.00pt; justify-content: start; text-align: start; font-family: 'Courier'; font-size: 12.00pt; background-color: #ffffff; color: #000000; ">123456789011</span><span style="line-height: 23.00pt; width: 7.20pt; justify-content: start; text-align: start; font-family: 'Courier'; font-size: 12.00pt; background-color: #ff0000; color: #000000; ">&nbsp;</span><span style="width: 144.00pt; height: 23.00pt; text-align: start; align-items: start; justify-content: start; "><img src="data:image/png;base64,iVBORw0KGgoAAAANSUhEUgAAAHMAAAAXCAYAAAA4JnCqAAAABmJLR0QA/wD/AP+gvaeTAAAAhElEQVRoge3RSwqAMAwA0cT73zmuLCUUrK50mLdR+rHFyaqq2JCZUVXjOY9d7xEx1sxW+1Zz8zf6uU/uslqzu2f3zv2MPt7/xZu5foc7x9Yq/YIxQYwJYkwQY4IYE8SYIMYEMSaIMUGMCWJMEGOCGBPEmCDGBDEmiDFBjAliTBBjSl90AlZ6Xijx3glnAAAAAElFTkSuQmCC" style="width: 100%; height: 100%; "></span><span style="line-height: 23.00pt; width: 7.20pt; justify-content: start; text-align: start; font-family: 'Courier'; font-size: 12.00pt; background-color: #ff0000; color: #000000; ">&nbsp;</span></p>
<div style="display: block; margin-left: 0.00pt; height: 1.00pt; width: 566.48pt; background-color: #ff0000; ">&nbsp;</div>
<!--output end--></section>
<!--output start--><section style="clear: both; width: 566.48pt; ">
<p style="line-height: 23.00pt; "><span style="line-height: 23.00pt; width: 28.80pt; justify-content: end; text-align: end; font-family: 'Courier'; font-size: 12.00pt; background-color: #ffffff; color: #000000; ">3</span><span style="line-height: 23.00pt; width: 7.20pt; justify-content: start; text-align: start; font-family: 'Courier'; font-size: 12.00pt; background-color: #ff0000; color: #000000; ">&nbsp;</span><span style="line-height: 23.00pt; width: 144.00pt; justify-content: start; text-align: start; font-family: 'Courier'; font-size: 12.00pt; background-color: #ffffff; color: #000000; ">123456789012</span><span style="line-height: 23.00pt; width: 7.20pt; justify-content: start; text-align: start; font-family: 'Courier'; font-size: 12.00pt; background-color: #ff0000; color: #000000; ">&nbsp;</span><span style="width: 144.00pt; height: 23.00pt; text-align: start; align-items: start; justify-content: start; "><img src="data:image/png;base64,iVBORw0KGgoAAAANSUhEUgAAAHMAAAAXCAYAAAA4JnCqAAAABmJLR0QA/wD/AP+gvaeTAAAAg0lEQVRoge3RQQqAMAwAwcT//zmelBIqxJsuOxelRlvcrKqKgcyMqrqv69p1HxH3zGr33u7Z+o2+75uz7Gam70zP3Pfo6/1fPM1Nzz9xjKb0C8YEMSaIMUGMCWJMEGOCGBPEmCDGBDEmiDFBjAliTBBjghgTxJggxgQxJogxQYwpfdEJhmJeKEIRY1wAAAAASUVORK5CYII=" style="width: 100%; height: 100%; "></span><span style="line-height: 23.00pt; width: 7.20pt; justify-content: start; text-align: start; font-family: 'Courier'; font-size: 12.00pt; background-color: #ff0000; color: #000000; ">&nbsp;</span></p>
<div style="display: block; margin-left: 0.00pt; height: 1.00pt; width: 566.48pt; background-color: #ff0000; ">&nbsp;</div>
<!--output end--></section>
<!--output start--><section style="clear: both; width: 566.48pt; ">
<p style="line-height: 23.00pt; "><span style="line-height: 23.00pt; width: 28.80pt; justify-content: end; text-align: end; font-family: 'Courier'; font-size: 12.00pt; background-color: #ffffff; color: #000000; ">4</span><span style="line-height: 23.00pt; width: 7.20pt; justify-content: start; text-align: start; font-family: 'Courier'; font-size: 12.00pt; background-color: #ff0000; color: #000000; ">&nbsp;</span><span style="line-height: 23.00pt; width: 144.00pt; justify-content: start; text-align: start; font-family: 'Courier'; font-size: 12.00pt; background-color: #ffffff; color: #000000; ">123456789013</span><span style="line-height: 23.00pt; width: 7.20pt; justify-content: start; text-align: start; font-family: 'Courier'; font-size: 12.00pt; background-color: #ff0000; color: #000000; ">&nbsp;</span><span style="width: 144.00pt; height: 23.00pt; text-align: start; align-items: start; justify-content: start; "><img src="data:image/png;base64,iVBORw0KGgoAAAANSUhEUgAAAHMAAAAXCAYAAAA4JnCqAAAABmJLR0QA/wD/AP+gvaeTAAAAhUlEQVRoge3RSwqAMAwA0dT73zmuLKVEjDsd5m2U2h/OyMyMhjFGZOZ8rmPXe0TMOatqXfVt3WM/981dqjndNd0772fs49UeT/e/+yfNRHG0ZukXjAliTBBjghgTxJggxgQxJogxQYwJYkwQY4IYE8SYIMYEMSaIMUGMCWJMEGOCGFP6ohNuYl4oUznOaAAAAABJRU5ErkJggg==" style="width: 100%; height: 100%; "></span><span style="line-height: 23.00pt; width: 7.20pt; justify-content: start; text-align: start; font-family: 'Courier'; font-size: 12.00pt; background-color: #ff0000; color: #000000; ">&nbsp;</span></p>
<div style="display: block; margin-left: 0.00pt; height: 1.00pt; width: 566.48pt; background-color: #ff0000; ">&nbsp;</div>
<!--output end--></section>
<!--output start--><section style="clear: both; width: 566.48pt; ">
<p style="line-height: 23.00pt; "><span style="line-height: 23.00pt; width: 28.80pt; justify-content: end; text-align: end; font-family: 'Courier'; font-size: 12.00pt; background-color: #ffffff; color: #000000; ">5</span><span style="line-height: 23.00pt; width: 7.20pt; justify-content: start; text-align: start; font-family: 'Courier'; font-size: 12.00pt; background-color: #ff0000; color: #000000; ">&nbsp;</span><span style="line-height: 23.00pt; width: 144.00pt; justify-content: start; text-align: start; font-family: 'Courier'; font-size: 12.00pt; background-color: #ffffff; color: #000000; ">123456789010A</span><span style="line-height: 23.00pt; width: 7.20pt; justify-content: start; text-align: start; font-family: 'Courier'; font-size: 12.00pt; background-color: #ff0000; color: #000000; ">&nbsp;</span><span style="width: 144.00pt; height: 23.00pt; text-align: start; align-items: start; justify-content: start; "><img src="data:image/png;base64,iVBORw0KGgoAAAANSUhEUgAAARMAAAAXCAYAAAAoT6saAAAABmJLR0QA/wD/AP+gvaeTAAAAy0lEQVR4nO3UMQ6EMAwEwJj//znX3CGEQghoiytmGpRgGwLSVu+9twVV1Y6lv3VV7XtX69n+aN6TOU/6Z+vZnNH1WL963rvzX81ZPf9q/9v/OJi/VdVvWG+t1fe6jz/tj+7vYx/0n/vO9Vf9o/3R81feI/X82XvM6t9+x5W6Wd+lbaUI4I4wASKECRAhTIAIYQJECBMgQpgAEcIEiBAmQIQwASKECRAhTIAIYQJECBMgQpgAEcIEiBAmQIQwASKECRAhTIAIYQIA/I8PE/KpLB9ttHEAAAAASUVORK5CYII=" style="width: 100%; height: 100%; "></span><span style="line-height: 23.00pt; width: 7.20pt; justify-content: start; text-align: start; font-family: 'Courier'; font-size: 12.00pt; background-color: #ff0000; color: #000000; ">&nbsp;</span></p>
<div style="display: block; margin-left: 0.00pt; height: 1.00pt; width: 566.48pt; background-color: #ff0000; ">&nbsp;</div>
<!--output end--></section>
<!--output start--><section style="clear: both; width: 566.48pt; ">
<p style="line-height: 23.00pt; "><span style="line-height: 23.00pt; width: 28.80pt; justify-content: end; text-align: end; font-family: 'Courier'; font-size: 12.00pt; background-color: #ffffff; color: #000000; ">6</span><span style="line-height: 23.00pt; width: 7.20pt; justify-content: start; text-align: start; font-family: 'Courier'; font-size: 12.00pt; background-color: #ff0000; color: #000000; ">&nbsp;</span><span style="line-height: 23.00pt; width: 144.00pt; justify-content: start; text-align: start; font-family: 'Courier'; font-size: 12.00pt; background-color: #ffffff; color: #000000; ">123456789011B</span><span style="line-height: 23.00pt; width: 7.20pt; justify-content: start; text-align: start; font-family: 'Courier'; font-size: 12.00pt; background-color: #ff0000; color: #000000; ">&nbsp;</span><span style="width: 144.00pt; height: 23.00pt; text-align: start; align-items: start; justify-content: start; "><img src="data:image/png;base64,iVBORw0KGgoAAAANSUhEUgAAARMAAAAXCAYAAAAoT6saAAAABmJLR0QA/wD/AP+gvaeTAAAAzUlEQVR4nO3UMQ7DIBAEQC7//zNpEsuygOBkixQzjQW+O4wsbfXee9tQVe1c+l5X1bE3W6/2R/PuzLnTv1qv5oye5/rd+366/2zO7v13+7/9j4P5j6p6D+uttXo9j/GX/dH7Y+yN/mvftX7WP9ofnT+r/7X/7pzd/vN69T2756y+b+qxUwTwiTABIoQJECFMgAhhAkQIEyBCmAARwgSIECZAhDABIoQJECFMgAhhAkQIEyBCmAARwgSIECZAhDABIoQJECFMgAhhAgD8jyf746ksU4iIRgAAAABJRU5ErkJggg==" style="width: 100%; height: 100%; "></span><span style="line-height: 23.00pt; width: 7.20pt; justify-content: start; text-align: start; font-family: 'Courier'; font-size: 12.00pt; background-color: #ff0000; color: #000000; ">&nbsp;</span></p>
<div style="display: block; margin-left: 0.00pt; height: 1.00pt; width: 566.48pt; background-color: #ff0000; ">&nbsp;</div>
<!--output end--></section>
<!--output start--><section style="clear: both; width: 566.48pt; ">
<p style="line-height: 23.00pt; "><span style="line-height: 23.00pt; width: 28.80pt; justify-content: end; text-align: end; font-family: 'Courier'; font-size: 12.00pt; background-color: #ffffff; color: #000000; ">7</span><span style="line-height: 23.00pt; width: 7.20pt; justify-content: start; text-align: start; font-family: 'Courier'; font-size: 12.00pt; background-color: #ff0000; color: #000000; ">&nbsp;</span><span style="line-height: 23.00pt; width: 144.00pt; justify-content: start; text-align: start; font-family: 'Courier'; font-size: 12.00pt; background-color: #ffffff; color: #000000; ">123456789012C</span><span style="line-height: 23.00pt; width: 7.20pt; justify-content: start; text-align: start; font-family: 'Courier'; font-size: 12.00pt; background-color: #ff0000; color: #000000; ">&nbsp;</span><span style="width: 144.00pt; height: 23.00pt; text-align: start; align-items: start; justify-content: start; "><img src="data:image/png;base64,iVBORw0KGgoAAAANSUhEUgAAARMAAAAXCAYAAAAoT6saAAAABmJLR0QA/wD/AP+gvaeTAAAAzElEQVR4nO3UQQ6DIBQEUL73vzPdtMYYVDCz6OK9jZHyp9AmU7333iZUVTtu/b1X1b529X63PspbyVmZv3u/yxk9j/tn7/t0/6uc2fvPzr/9Hwf5W1X9wnprrb7PPf60Pvp8j12YP8+d91/Nj9ZH37+SszI/c84353n6PZ7yV851aZvZBPBEmQARygSIUCZAhDIBIpQJEKFMgAhlAkQoEyBCmQARygSIUCZAhDIBIpQJEKFMgAhlAkQoEyBCmQARygSIUCZAhDIBAP7HB+PjqSxCeWaBAAAAAElFTkSuQmCC" style="width: 100%; height: 100%; "></span><span style="line-height: 23.00pt; width: 7.20pt; justify-content: start; text-align: start; font-family: 'Courier'; font-size: 12.00pt; background-color: #ff0000; color: #000000; ">&nbsp;</span></p>
<div style="display: block; margin-left: 0.00pt; height: 1.00pt; width: 566.48pt; background-color: #ff0000; ">&nbsp;</div>
<!--output end--></section>
<!--output start--><section style="clear: both; width: 566.48pt; ">
<p style="line-height: 23.00pt; "><span style="line-height: 23.00pt; width: 28.80pt; justify-content: end; text-align: end; font-family: 'Courier'; font-size: 12.00pt; background-color: #ffffff; color: #000000; ">8</span><span style="line-height: 23.00pt; width: 7.20pt; justify-content: start; text-align: start; font-family: 'Courier'; font-size: 12.00pt; background-color: #ff0000; color: #000000; ">&nbsp;</span><span style="line-height: 23.00pt; width: 144.00pt; justify-content: start; text-align: start; font-family: 'Courier'; font-size: 12.00pt; background-color: #ffffff; color: #000000; ">123456789013D</span><span style="line-height: 23.00pt; width: 7.20pt; justify-content: start; text-align: start; font-family: 'Courier'; font-size: 12.00pt; background-color: #ff0000; color: #000000; ">&nbsp;</span><span style="width: 144.00pt; height: 23.00pt; text-align: start; align-items: start; justify-content: start; "><img src="data:image/png;base64,iVBORw0KGgoAAAANSUhEUgAAARMAAAAXCAYAAAAoT6saAAAABmJLR0QA/wD/AP+gvaeTAAAAzUlEQVR4nO3UQQrDIBAFUKf3v7PdtKEENab8QhfvbYJmZsQEfvXee9tQVe2z9L2uqmNvtl7tj+bdmXOnf7VezRk9P+t373t1/9mc3fvv9n/7HwfzH1X1HtZba/V6HuNP+6P3x9gb/ee+c/2sf7Q/On9Wv1qv5vzqO8z6V30754z6Lz12igCuCBMgQpgAEcIEiBAmQIQwASKECRAhTIAIYQJECBMgQpgAEcIEiBAmQIQwASKECRAhTIAIYQJECBMgQpgAEcIEiBAmAMD/eAL746ks4T4YMAAAAABJRU5ErkJggg==" style="width: 100%; height: 100%; "></span><span style="line-height: 23.00pt; width: 7.20pt; justify-content: start; text-align: start; font-family: 'Courier'; font-size: 12.00pt; background-color: #ff0000; color: #000000; ">&nbsp;</span></p>
<div style="display: block; margin-left: 0.00pt; height: 1.00pt; width: 566.48pt; background-color: #ff0000; ">&nbsp;</div>
<!--output end--></section>
<!--output start--><section style="clear: both; width: 566.48pt; ">
<p style="line-height: 23.00pt; "><span style="line-height: 23.00pt; width: 28.80pt; justify-content: end; text-align: end; font-family: 'Courier'; font-size: 12.00pt; background-color: #ffffff; color: #000000; ">9</span><span style="line-height: 23.00pt; width: 7.20pt; justify-content: start; text-align: start; font-family: 'Courier'; font-size: 12.00pt; background-color: #ff0000; color: #000000; ">&nbsp;</span><span style="line-height: 23.00pt; width: 144.00pt; justify-content: start; text-align: start; font-family: 'Courier'; font-size: 12.00pt; background-color: #ffffff; color: #000000; ">123456789010Aa</span><span style="line-height: 23.00pt; width: 7.20pt; justify-content: start; text-align: start; font-family: 'Courier'; font-size: 12.00pt; background-color: #ff0000; color: #000000; ">&nbsp;</span><span style="width: 144.00pt; height: 23.00pt; text-align: start; align-items: start; justify-content: start; "><img src="data:image/png;base64,iVBORw0KGgoAAAANSUhEUgAAANEAAAAXCAYAAACVi6pGAAAABmJLR0QA/wD/AP+gvaeTAAAAwklEQVR4nO3TOY7EMAwEQHL+/2dtMgYIwRemg02qIpuiKMFw91pr1QvdXVVVa63q7jq2zefZO9cPe+2Ydba21656Z/3qjKc7nd3nae/drF/OeTMn+UZP93nq3e/x7f1096qq+QP0eD+GrFHv0bv31dYz9+19+/6zM+/eZ23OuDvv1OdNE3BNiCAkRBASIggJEYSECEJCBCEhgpAQQUiIICREEBIiCAkRhIQIQkIEISGCkBBBSIggJEQQEiIICREA/+sPmIWDLMjqxD4AAAAASUVORK5CYII=" style="width: 100%; height: 100%; "></span><span style="line-height: 23.00pt; width: 7.20pt; justify-content: start; text-align: start; font-family: 'Courier'; font-size: 12.00pt; background-color: #ff0000; color: #000000; ">&nbsp;</span></p>
<div style="display: block; margin-left: 0.00pt; height: 1.00pt; width: 566.48pt; background-color: #ff0000; ">&nbsp;</div>
<!--output end--></section>
<!--output start--><section style="clear: both; width: 566.48pt; ">
<p style="line-height: 23.00pt; "><span style="line-height: 23.00pt; width: 28.80pt; justify-content: end; text-align: end; font-family: 'Courier'; font-size: 12.00pt; background-color: #ffffff; color: #000000; ">10</span><span style="line-height: 23.00pt; width: 7.20pt; justify-content: start; text-align: start; font-family: 'Courier'; font-size: 12.00pt; background-color: #ff0000; color: #000000; ">&nbsp;</span><span style="line-height: 23.00pt; width: 144.00pt; justify-content: start; text-align: start; font-family: 'Courier'; font-size: 12.00pt; background-color: #ffffff; color: #000000; ">123456789011Ba</span><span style="line-height: 23.00pt; width: 7.20pt; justify-content: start; text-align: start; font-family: 'Courier'; font-size: 12.00pt; background-color: #ff0000; color: #000000; ">&nbsp;</span><span style="width: 144.00pt; height: 23.00pt; text-align: start; align-items: start; justify-content: start; "><img src="data:image/png;base64,iVBORw0KGgoAAAANSUhEUgAAANEAAAAXCAYAAACVi6pGAAAABmJLR0QA/wD/AP+gvaeTAAAAwklEQVR4nO3TMW7EMAwEQOr+/2emiQFCsE9GtkgzU9kSKQqGd3V31wtrraqq6u5aa9XVNp9n7dy/7GvXWXd7+9pT7Vx/mnG60919Tr3fzvrLnDfnJN/odJ9T7X6P39rPWqurav4AV2OP9x7rNd5766mt9lvdnLHPvet5mjX7T/Nufd4UAc+ECEJCBCEhgpAQQUiIICREEBIiCAkRhIQIQkIEISGCkBBBSIggJEQQEiIICRGEhAhCQgQhIYKQEAHwv34AhIWDLD+ZAh0AAAAASUVORK5CYII=" style="width: 100%; height: 100%; "></span><span style="line-height: 23.00pt; width: 7.20pt; justify-content: start; text-align: start; font-family: 'Courier'; font-size: 12.00pt; background-color: #ff0000; color: #000000; ">&nbsp;</span></p>
<div style="display: block; margin-left: 0.00pt; height: 1.00pt; width: 566.48pt; background-color: #ff0000; ">&nbsp;</div>
<!--output end--></section>
<!--output start--><section style="clear: both; width: 566.48pt; ">
<p style="line-height: 23.00pt; "><span style="line-height: 23.00pt; width: 28.80pt; justify-content: end; text-align: end; font-family: 'Courier'; font-size: 12.00pt; background-color: #ffffff; color: #000000; ">11</span><span style="line-height: 23.00pt; width: 7.20pt; justify-content: start; text-align: start; font-family: 'Courier'; font-size: 12.00pt; background-color: #ff0000; color: #000000; ">&nbsp;</span><span style="line-height: 23.00pt; width: 144.00pt; justify-content: start; text-align: start; font-family: 'Courier'; font-size: 12.00pt; background-color: #ffffff; color: #000000; ">123456789012Ca</span><span style="line-height: 23.00pt; width: 7.20pt; justify-content: start; text-align: start; font-family: 'Courier'; font-size: 12.00pt; background-color: #ff0000; color: #000000; ">&nbsp;</span><span style="width: 144.00pt; height: 23.00pt; text-align: start; align-items: start; justify-content: start; "><img src="data:image/png;base64,iVBORw0KGgoAAAANSUhEUgAAANEAAAAXCAYAAACVi6pGAAAABmJLR0QA/wD/AP+gvaeTAAAAvUlEQVR4nO3TOQ7DMAwEQCr//7NSGSAIX8gWaWaaOBQpCYZ37b13vbDWqqqqvXetteoY68+9t68fZu3Y62xt1q56e/3qjKc7nd3nafZur1/OebNP8o6e7vPUO+/R1o+H/hH02mq/Ner9f5309vkaM3Nu7j3vc9U7e+7OO/V50wRcEyIICRGEhAhCQgQhIYKQEEFIiCAkRBASIggJEYSECEJCBCEhgpAQQUiIICREEBIiCAkRhIQIQkIEwH99AZVxfyyR+0LXAAAAAElFTkSuQmCC" style="width: 100%; height: 100%; "></span><span style="line-height: 23.00pt; width: 7.20pt; justify-content: start; text-align: start; font-family: 'Courier'; font-size: 12.00pt; background-color: #ff0000; color: #000000; ">&nbsp;</span></p>
<div style="display: block; margin-left: 0.00pt; height: 1.00pt; width: 566.48pt; background-color: #ff0000; ">&nbsp;</div>
<!--output end--></section>
<!--output start--><section style="clear: both; width: 566.48pt; ">
<p style="line-height: 23.00pt; "><span style="line-height: 23.00pt; width: 28.80pt; justify-content: end; text-align: end; font-family: 'Courier'; font-size: 12.00pt; background-color: #ffffff; color: #000000; ">12</span><span style="line-height: 23.00pt; width: 7.20pt; justify-content: start; text-align: start; font-family: 'Courier'; font-size: 12.00pt; background-color: #ff0000; color: #000000; ">&nbsp;</span><span style="line-height: 23.00pt; width: 144.00pt; justify-content: start; text-align: start; font-family: 'Courier'; font-size: 12.00pt; background-color: #ffffff; color: #000000; ">123456789013Da</span><span style="line-height: 23.00pt; width: 7.20pt; justify-content: start; text-align: start; font-family: 'Courier'; font-size: 12.00pt; background-color: #ff0000; color: #000000; ">&nbsp;</span><span style="width: 144.00pt; height: 23.00pt; text-align: start; align-items: start; justify-content: start; "><img src="data:image/png;base64,iVBORw0KGgoAAAANSUhEUgAAANEAAAAXCAYAAACVi6pGAAAABmJLR0QA/wD/AP+gvaeTAAAAt0lEQVR4nO3Twa7DIAwEQPP+/5/dSyOhKAT09tDLzIkaA1bUHd3ddWCMUVVV3V1jjLqOzeu5d96/3GvXXU9799qqd66v3tjN9DTP7uzbXf955+Se5Bvt5tn13ueY9q9Ff9fzn2G1N6aefvn9dq429dO351l37z36O2kC1oQIQkIEISGCkBBBSIggJEQQEiIICRGEhAhCQgQhIYKQEEFIiCAkRBASIggJEYSECEJCBCEhgpAQAfBbH6F5fyzifS/lAAAAAElFTkSuQmCC" style="width: 100%; height: 100%; "></span><span style="line-height: 23.00pt; width: 7.20pt; justify-content: start; text-align: start; font-family: 'Courier'; font-size: 12.00pt; background-color: #ff0000; color: #000000; ">&nbsp;</span></p>
<div style="display: block; margin-left: 0.00pt; height: 1.00pt; width: 566.48pt; background-color: #ff0000; ">&nbsp;</div>
<!--output end--></section>
<!--output start--><section style="clear: both; width: 566.48pt; ">
<p style="line-height: 23.00pt; "><span style="line-height: 23.00pt; width: 28.80pt; justify-content: end; text-align: end; font-family: 'Courier'; font-size: 12.00pt; background-color: #ffffff; color: #000000; ">13</span><span style="line-height: 23.00pt; width: 7.20pt; justify-content: start; text-align: start; font-family: 'Courier'; font-size: 12.00pt; background-color: #ff0000; color: #000000; ">&nbsp;</span><span style="line-height: 23.00pt; width: 144.00pt; justify-content: start; text-align: start; font-family: 'Courier'; font-size: 12.00pt; background-color: #ffffff; color: #000000; ">123456789010</span><span style="line-height: 23.00pt; width: 7.20pt; justify-content: start; text-align: start; font-family: 'Courier'; font-size: 12.00pt; background-color: #ff0000; color: #000000; ">&nbsp;</span><span style="width: 144.00pt; height: 23.00pt; text-align: start; align-items: start; justify-content: start; "><img src="data:image/png;base64,iVBORw0KGgoAAAANSUhEUgAAAHkAAAAXCAYAAAAvBOBjAAAABmJLR0QA/wD/AP+gvaeTAAAAjklEQVRoge3RQQ6FIAwA0fbf/8511YQQi279M2+JVMHJqqp4ITMjIqKqIjOjx3q9n/Va79vXp73rd+5mp/lp5m5+37ufa51bv3N673T+p3NNdzvd9/RvTn6vdunTjAxgZAAjAxgZwMgARgYwMoCRAYwMYGQAIwMYGcDIAEYGMDKAkQGMDGBkACMDGFn6BxeQT1go7QXKRAAAAABJRU5ErkJggg==" style="width: 100%; height: 100%; "></span><span style="line-height: 23.00pt; width: 7.20pt; justify-content: start; text-align: start; font-family: 'Courier'; font-size: 12.00pt; background-color: #ff0000; color: #000000; ">&nbsp;</span></p>
<div style="display: block; margin-left: 0.00pt; height: 1.00pt; width: 566.48pt; background-color: #ff0000; ">&nbsp;</div>
<!--output end--></section>
<!--output start--><section style="clear: both; width: 566.48pt; ">
<p style="line-height: 23.00pt; "><span style="line-height: 23.00pt; width: 28.80pt; justify-content: end; text-align: end; font-family: 'Courier'; font-size: 12.00pt; background-color: #ffffff; color: #000000; ">14</span><span style="line-height: 23.00pt; width: 7.20pt; justify-content: start; text-align: start; font-family: 'Courier'; font-size: 12.00pt; background-color: #ff0000; color: #000000; ">&nbsp;</span><span style="line-height: 23.00pt; width: 144.00pt; justify-content: start; text-align: start; font-family: 'Courier'; font-size: 12.00pt; background-color: #ffffff; color: #000000; ">123456789011</span><span style="line-height: 23.00pt; width: 7.20pt; justify-content: start; text-align: start; font-family: 'Courier'; font-size: 12.00pt; background-color: #ff0000; color: #000000; ">&nbsp;</span><span style="width: 144.00pt; height: 23.00pt; text-align: start; align-items: start; justify-content: start; "><img src="data:image/png;base64,iVBORw0KGgoAAAANSUhEUgAAAHkAAAAXCAYAAAAvBOBjAAAABmJLR0QA/wD/AP+gvaeTAAAAjklEQVRoge3RMQ6EMAwAQfv+/2dTWYoiDGm53ekIMQE2q6riQGZGRERVRWZGj/V63+u13revT3vXc+5mp/lp5m5+37u/1zq3nvP23P1Z0/dO16ff+/RvnvyOdunTjAxgZAAjAxgZwMgARgYwMoCRAYwMYGQAIwMYGcDIAEYGMDKAkQGMDGBkACMDGFn6BxcwZ1goY4tXuAAAAABJRU5ErkJggg==" style="width: 100%; height: 100%; "></span><span style="line-height: 23.00pt; width: 7.20pt; justify-content: start; text-align: start; font-family: 'Courier'; font-size: 12.00pt; background-color: #ff0000; color: #000000; ">&nbsp;</span></p>
<div style="display: block; margin-left: 0.00pt; height: 1.00pt; width: 566.48pt; background-color: #ff0000; ">&nbsp;</div>
<!--output end--></section>
<!--output start--><section style="clear: both; width: 566.48pt; ">
<p style="line-height: 23.00pt; "><span style="line-height: 23.00pt; width: 28.80pt; justify-content: end; text-align: end; font-family: 'Courier'; font-size: 12.00pt; background-color: #ffffff; color: #000000; ">15</span><span style="line-height: 23.00pt; width: 7.20pt; justify-content: start; text-align: start; font-family: 'Courier'; font-size: 12.00pt; background-color: #ff0000; color: #000000; ">&nbsp;</span><span style="line-height: 23.00pt; width: 144.00pt; justify-content: start; text-align: start; font-family: 'Courier'; font-size: 12.00pt; background-color: #ffffff; color: #000000; ">123456789012</span><span style="line-height: 23.00pt; width: 7.20pt; justify-content: start; text-align: start; font-family: 'Courier'; font-size: 12.00pt; background-color: #ff0000; color: #000000; ">&nbsp;</span><span style="width: 144.00pt; height: 23.00pt; text-align: start; align-items: start; justify-content: start; "><img src="data:image/png;base64,iVBORw0KGgoAAAANSUhEUgAAAHkAAAAXCAYAAAAvBOBjAAAABmJLR0QA/wD/AP+gvaeTAAAAjUlEQVRoge3RQQ6FIAwA0fbf/8511YQQQLb+mbfEViWTVVVxITMjIqKqIjOj1/q8n/VZz83nu9nxO6vd3f5uZ7U/z87/Ne6N31nd/fZu83ve7na672n/5Hc1pU8zMoCRAYwMYGQAIwMYGcDIAEYGMDKAkQGMDGBkACMDGBnAyABGBjAygJEBjAxgZOkfPIRnWCj/LFZgAAAAAElFTkSuQmCC" style="width: 100%; height: 100%; "></span><span style="line-height: 23.00pt; width: 7.20pt; justify-content: start; text-align: start; font-family: 'Courier'; font-size: 12.00pt; background-color: #ff0000; color: #000000; ">&nbsp;</span></p>
<div style="display: block; margin-left: 0.00pt; height: 1.00pt; width: 566.48pt; background-color: #ff0000; ">&nbsp;</div>
<!--output end--></section>
<!--output start--><section style="clear: both; width: 566.48pt; ">
<p style="line-height: 23.00pt; "><span style="line-height: 23.00pt; width: 28.80pt; justify-content: end; text-align: end; font-family: 'Courier'; font-size: 12.00pt; background-color: #ffffff; color: #000000; ">16</span><span style="line-height: 23.00pt; width: 7.20pt; justify-content: start; text-align: start; font-family: 'Courier'; font-size: 12.00pt; background-color: #ff0000; color: #000000; ">&nbsp;</span><span style="line-height: 23.00pt; width: 144.00pt; justify-content: start; text-align: start; font-family: 'Courier'; font-size: 12.00pt; background-color: #ffffff; color: #000000; ">123456789013</span><span style="line-height: 23.00pt; width: 7.20pt; justify-content: start; text-align: start; font-family: 'Courier'; font-size: 12.00pt; background-color: #ff0000; color: #000000; ">&nbsp;</span><span style="width: 144.00pt; height: 23.00pt; text-align: start; align-items: start; justify-content: start; "><img src="data:image/png;base64,iVBORw0KGgoAAAANSUhEUgAAAHkAAAAXCAYAAAAvBOBjAAAABmJLR0QA/wD/AP+gvaeTAAAAjUlEQVRoge3RQQ6FMAgAUfj3vzOuSJpGtFv/zFtWUJvJqqo4kJkREVFVkZnRa33ez/qs5/bzaXb9zt3utD/t3O3vs/t/rXvrd97uvu9N953efXrfp9knv6MpfZqRAYwMYGQAIwMYGcDIAEYGMDKAkQGMDGBkACMDGBnAyABGBjAygJEBjAxgZAAjS//gAjx/WChKMQVYAAAAAElFTkSuQmCC" style="width: 100%; height: 100%; "></span><span style="line-height: 23.00pt; width: 7.20pt; justify-content: start; text-align: start; font-family: 'Courier'; font-size: 12.00pt; background-color: #ff0000; color: #000000; ">&nbsp;</span></p>
<div style="display: block; margin-left: 0.00pt; height: 1.00pt; width: 566.48pt; background-color: #ff0000; ">&nbsp;</div>
<!--output end--></section>
<!--output start--><section style="clear: both; width: 566.48pt; ">
<p style="line-height: 23.00pt; "><span style="line-height: 23.00pt; width: 28.80pt; justify-content: end; text-align: end; font-family: 'Courier'; font-size: 12.00pt; background-color: #ffffff; color: #000000; ">17</span><span style="line-height: 23.00pt; width: 7.20pt; justify-content: start; text-align: start; font-family: 'Courier'; font-size: 12.00pt; background-color: #ff0000; color: #000000; ">&nbsp;</span><span style="line-height: 23.00pt; width: 144.00pt; justify-content: start; text-align: start; font-family: 'Courier'; font-size: 12.00pt; background-color: #ffffff; color: #000000; ">123456789010Aa</span><span style="line-height: 23.00pt; width: 7.20pt; justify-content: start; text-align: start; font-family: 'Courier'; font-size: 12.00pt; background-color: #ff0000; color: #000000; ">&nbsp;</span><span style="width: 144.00pt; height: 23.00pt; text-align: start; align-items: start; justify-content: start; "><img src="data:image/png;base64,iVBORw0KGgoAAAANSUhEUgAAAJoAAAAXCAYAAADz0VYRAAAABmJLR0QA/wD/AP+gvaeTAAAAp0lEQVRoge3SwQoDIQwA0aT//8/pKSBBRSjMocy71dU1XSarquJBZkZERFVFZkYf6/V+1mu9b66f9q737M6ezp/O7M7PvXOu9dx6z+29p/l3c+3euf6ec83ZXu64/d/Tt7t9s9ucvSUefF42Sb8yNCEMTQhDE8LQhDA0IQxNCEMTwtCEMDQhDE0IQxPC0IQwNCEMTQhDE8LQhDA0IQxNCEMTwtAk/Y8vNmBwLOb2yCUAAAAASUVORK5CYII=" style="width: 100%; height: 100%; "></span><span style="line-height: 23.00pt; width: 7.20pt; justify-content: start; text-align: start; font-family: 'Courier'; font-size: 12.00pt; background-color: #ff0000; color: #000000; ">&nbsp;</span></p>
<div style="display: block; margin-left: 0.00pt; height: 1.00pt; width: 566.48pt; background-color: #ff0000; ">&nbsp;</div>
<!--output end--></section>
<!--output start--><section style="clear: both; width: 566.48pt; ">
<p style="line-height: 23.00pt; "><span style="line-height: 23.00pt; width: 28.80pt; justify-content: end; text-align: end; font-family: 'Courier'; font-size: 12.00pt; background-color: #ffffff; color: #000000; ">18</span><span style="line-height: 23.00pt; width: 7.20pt; justify-content: start; text-align: start; font-family: 'Courier'; font-size: 12.00pt; background-color: #ff0000; color: #000000; ">&nbsp;</span><span style="line-height: 23.00pt; width: 144.00pt; justify-content: start; text-align: start; font-family: 'Courier'; font-size: 12.00pt; background-color: #ffffff; color: #000000; ">123456789011Ba</span><span style="line-height: 23.00pt; width: 7.20pt; justify-content: start; text-align: start; font-family: 'Courier'; font-size: 12.00pt; background-color: #ff0000; color: #000000; ">&nbsp;</span><span style="width: 144.00pt; height: 23.00pt; text-align: start; align-items: start; justify-content: start; "><img src="data:image/png;base64,iVBORw0KGgoAAAANSUhEUgAAAJoAAAAXCAYAAADz0VYRAAAABmJLR0QA/wD/AP+gvaeTAAAApklEQVRoge3SwQoDIQwA0aT//8/pKWDFsJbCHMq8W13jbmWyqiouZGZERFRVZGb0WK/3s17rffv6tHd9z2l2mp9mTvP73v271rn1PU/n7mdN93A6c/39zT083fV0Z9O33N754T99Hjh43WySfmVoQhiaEIYmhKEJYWhCGJoQhiaEoQlhaEIYmhCGJoShCWFoQhiaEIYmhKEJYWhCGJoQhiaEoUn6H2/WaXAsrjDMlwAAAABJRU5ErkJggg==" style="width: 100%; height: 100%; "></span><span style="line-height: 23.00pt; width: 7.20pt; justify-content: start; text-align: start; font-family: 'Courier'; font-size: 12.00pt; background-color: #ff0000; color: #000000; ">&nbsp;</span></p>
<div style="display: block; margin-left: 0.00pt; height: 1.00pt; width: 566.48pt; background-color: #ff0000; ">&nbsp;</div>
<!--output end--></section>
<!--output start--><section style="clear: both; width: 566.48pt; ">
<p style="line-height: 23.00pt; "><span style="line-height: 23.00pt; width: 28.80pt; justify-content: end; text-align: end; font-family: 'Courier'; font-size: 12.00pt; background-color: #ffffff; color: #000000; ">19</span><span style="line-height: 23.00pt; width: 7.20pt; justify-content: start; text-align: start; font-family: 'Courier'; font-size: 12.00pt; background-color: #ff0000; color: #000000; ">&nbsp;</span><span style="line-height: 23.00pt; width: 144.00pt; justify-content: start; text-align: start; font-family: 'Courier'; font-size: 12.00pt; background-color: #ffffff; color: #000000; ">123456789012Ca</span><span style="line-height: 23.00pt; width: 7.20pt; justify-content: start; text-align: start; font-family: 'Courier'; font-size: 12.00pt; background-color: #ff0000; color: #000000; ">&nbsp;</span><span style="width: 144.00pt; height: 23.00pt; text-align: start; align-items: start; justify-content: start; "><img src="data:image/png;base64,iVBORw0KGgoAAAANSUhEUgAAAJoAAAAXCAYAAADz0VYRAAAABmJLR0QA/wD/AP+gvaeTAAAAp0lEQVRoge3SwQrEIAwA0WT//5/Tk+AGFcvCHJZ5R6utKZNVVXEhMyMioqoiM2McG+vj2Vgb+/r6bu/8ndXZ3fndmdX5vrffaz43f2c1+5vZTu/s7+337LOv7n4zb1873fP0zxczfQ+38bnZJP3K0IQwNCEMTQhDE8LQhDA0IQxNCEMTwtCEMDQhDE0IQxPC0IQwNCEMTQhDE8LQhDA0IQxNCEOT9D8eBmBwLIZxvY4AAAAASUVORK5CYII=" style="width: 100%; height: 100%; "></span><span style="line-height: 23.00pt; width: 7.20pt; justify-content: start; text-align: start; font-family: 'Courier'; font-size: 12.00pt; background-color: #ff0000; color: #000000; ">&nbsp;</span></p>
<div style="display: block; margin-left: 0.00pt; height: 1.00pt; width: 566.48pt; background-color: #ff0000; ">&nbsp;</div>
<!--output end--></section>
<!--output start--><section style="clear: both; width: 566.48pt; ">
<p style="line-height: 23.00pt; "><span style="line-height: 23.00pt; width: 28.80pt; justify-content: end; text-align: end; font-family: 'Courier'; font-size: 12.00pt; background-color: #ffffff; color: #000000; ">20</span><span style="line-height: 23.00pt; width: 7.20pt; justify-content: start; text-align: start; font-family: 'Courier'; font-size: 12.00pt; background-color: #ff0000; color: #000000; ">&nbsp;</span><span style="line-height: 23.00pt; width: 144.00pt; justify-content: start; text-align: start; font-family: 'Courier'; font-size: 12.00pt; background-color: #ffffff; color: #000000; ">123456789013Da</span><span style="line-height: 23.00pt; width: 7.20pt; justify-content: start; text-align: start; font-family: 'Courier'; font-size: 12.00pt; background-color: #ff0000; color: #000000; ">&nbsp;</span><span style="width: 144.00pt; height: 23.00pt; text-align: start; align-items: start; justify-content: start; "><img src="data:image/png;base64,iVBORw0KGgoAAAANSUhEUgAAAJoAAAAXCAYAAADz0VYRAAAABmJLR0QA/wD/AP+gvaeTAAAAqUlEQVRoge3SQQrDMAxE0VHuf2dlJXCFFQcCsyj/7ZpathN+ZGbqhYiQJGWmIkI1Vs/rv3pW6/rzae16zm52mp9mdvN9bb/XOreec3r3Pjd9h92efd/pvaffT3P9m+3udtrjdE9JvwcMrjeLgK8IDRaEBgtCgwWhwYLQYEFosCA0WBAaLAgNFoQGC0KDBaHBgtBgQWiwIDRYEBosCA0WhAYLQoMFoQH4Hzf6aXAsMuuCxgAAAABJRU5ErkJggg==" style="width: 100%; height: 100%; "></span><span style="line-height: 23.00pt; width: 7.20pt; justify-content: start; text-align: start; font-family: 'Courier'; font-size: 12.00pt; background-color: #ff0000; color: #000000; ">&nbsp;</span></p>
<div style="display: block; margin-left: 0.00pt; height: 1.00pt; width: 566.48pt; background-color: #ff0000; ">&nbsp;</div>
<!--output end--></section>
<!--part column end-->
</td>
<!--part row end-->
</tr>
<!--part row start-->
<tr style="display: flex; align-items: flex-start; ">
<!--part column start-->
<td style="width: 100%; ">
<!--part column end-->
</td>
<!--part row end-->
</tr>
<!--part end-->
</table>
</body></html>
