"OpenCReports has links now!"
"OpenCReports has links now!"
