{
    "part": {
        "pr": {
            "pd": {
                "report": {
                    "reportheader": [
                        {
                            "type": "line",
                            "elements": [
                                {
                                    "type": "text",
                                    "width": 401.0,
                                    "font_point": 11.0,
                                    "font_face": "Courier",
                                    "bold": false,
                                    "italic": false,
                                    "align": "left",
                                    "bgcolor": "#ffffff",
                                    "color": "#000000",
                                    "data": "Test Report (Normal) AND THE REPORT FORMAT IS: "
                                },
                                {
                                    "type": "text",
                                    "width": 65.99609375,
                                    "font_point": 11.0,
                                    "font_face": "Courier",
                                    "bold": false,
                                    "italic": false,
                                    "align": "left",
                                    "bgcolor": "#ffffff",
                                    "color": "#000000",
                                    "data": "JSON"
                                },
                                {
                                    "type": "text",
                                    "width": 32.998046875,
                                    "font_point": 11.0,
                                    "font_face": "Courier",
                                    "bold": false,
                                    "italic": false,
                                    "align": "left",
                                    "bgcolor": "#ffffff",
                                    "color": "#000000",
                                    "data": "3"
                                }
                            ]
                        },
                        {
                            "type": "line",
                            "elements": [
                                {
                                    "type": "text",
                                    "width": 813.08976377952751591,
                                    "font_point": 11.0,
                                    "font_face": "Courier",
                                    "bold": true,
                                    "italic": false,
                                    "align": "left",
                                    "bgcolor": "#ffffff",
                                    "color": "#000000",
                                    "data": "Test Report (Bold)"
                                }
                            ]
                        },
                        {
                            "type": "line",
                            "elements": [
                                {
                                    "type": "text",
                                    "width": 813.08976377952751591,
                                    "font_point": 11.0,
                                    "font_face": "Courier",
                                    "bold": false,
                                    "italic": true,
                                    "align": "left",
                                    "bgcolor": "#ffffff",
                                    "color": "#000000",
                                    "data": "Test Report (Italics)"
                                }
                            ]
                        },
                        {
                            "type": "line",
                            "elements": [
                                {
                                    "type": "text",
                                    "width": 813.08976377952751591,
                                    "font_point": 11.0,
                                    "font_face": "Courier",
                                    "bold": true,
                                    "italic": true,
                                    "align": "left",
                                    "bgcolor": "#ffffff",
                                    "color": "#000000",
                                    "data": "Test Report (Bold and Italics)"
                                }
                            ]
                        },
                        {
                            "type": "line",
                            "elements": [
                                {
                                    "type": "text",
                                    "width": 43.0,
                                    "font_point": 11.0,
                                    "font_face": "Courier",
                                    "bold": true,
                                    "italic": true,
                                    "align": "left",
                                    "bgcolor": "#ffffff",
                                    "color": "#000000",
                                    "data": "BOO: "
                                },
                                {
                                    "type": "text",
                                    "width": 65.99609375,
                                    "font_point": 11.0,
                                    "font_face": "Courier",
                                    "bold": false,
                                    "italic": false,
                                    "align": "left",
                                    "bgcolor": "#ffffff",
                                    "color": "#000000",
                                    "data": "mike is a silly pants"
                                }
                            ]
                        },
                        {
                            "type": "horizontal_line",
                            "color": "#ffffff",
                            "indent": 0.0,
                            "size": 4.0,
                            "length": 813.08976377952751591
                        }
                    ],
                    "fieldheader": [
                        {
                            "type": "horizontal_line",
                            "color": "#000000",
                            "indent": 0.0,
                            "size": 1.0,
                            "length": 813.08976377952751591
                        },
                        {
                            "type": "line",
                            "elements": [
                                {
                                    "type": "text",
                                    "width": 108.0078125,
                                    "font_point": 9.0,
                                    "font_face": "Courier",
                                    "bold": false,
                                    "italic": false,
                                    "align": "left",
                                    "bgcolor": "#e5e5e5",
                                    "color": "#000000",
                                    "data": "First Name"
                                },
                                {
                                    "type": "text",
                                    "width": 5.400390625,
                                    "font_point": 9.0,
                                    "font_face": "Courier",
                                    "bold": false,
                                    "italic": false,
                                    "align": "left",
                                    "bgcolor": "#e5e5e5",
                                    "color": "#000000",
                                    "data": ""
                                },
                                {
                                    "type": "text",
                                    "width": 108.0078125,
                                    "font_point": 9.0,
                                    "font_face": "Courier",
                                    "bold": false,
                                    "italic": false,
                                    "align": "left",
                                    "bgcolor": "#e5e5e5",
                                    "color": "#000000",
                                    "data": "Last Name"
                                },
                                {
                                    "type": "text",
                                    "width": 5.400390625,
                                    "font_point": 9.0,
                                    "font_face": "Courier",
                                    "bold": false,
                                    "italic": false,
                                    "align": "left",
                                    "bgcolor": "#e5e5e5",
                                    "color": "#000000",
                                    "data": ""
                                },
                                {
                                    "type": "text",
                                    "width": 108.0078125,
                                    "font_point": 9.0,
                                    "font_face": "Courier",
                                    "bold": false,
                                    "italic": false,
                                    "align": "left",
                                    "bgcolor": "#e5e5e5",
                                    "color": "#000000",
                                    "data": "Color"
                                }
                            ]
                        },
                        {
                            "type": "horizontal_line",
                            "color": "#000000",
                            "indent": 0.0,
                            "size": 1.0,
                            "length": 813.08976377952751591
                        },
                        {
                            "type": "horizontal_line",
                            "color": "#ffffff",
                            "indent": 0.0,
                            "size": 4.0,
                            "length": 813.08976377952751591
                        }
                    ],
                    "break_header": {
                        "break_name": "break0",
                        "type": "line",
                        "elements": [
                            {
                                "type": "text",
                                "width": 108.0078125,
                                "font_point": 9.0,
                                "font_face": "Courier",
                                "bold": false,
                                "italic": false,
                                "align": "left",
                                "bgcolor": "#ffffff",
                                "color": "#000000",
                                "data": "1"
                            }
                        ]
                    }
                ]
            },
            "fielddetails": [
                {
                    "type": "line",
                    "elements": [
                        {
                            "type": "text",
                            "width": 108.0078125,
                            "font_point": 9.0,
                            "font_face": "Courier",
                            "bold": false,
                            "italic": false,
                            "align": "left",
                            "bgcolor": "#ffff00",
                            "color": "#000000",
                            "data": "Bob"
                        },
                        {
                            "type": "text",
                            "width": 5.400390625,
                            "font_point": 9.0,
                            "font_face": "Courier",
                            "bold": false,
                            "italic": false,
                            "align": "left",
                            "bgcolor": "#e5e5e5",
                            "color": "#000000",
                            "data": ""
                        },
                        {
                            "type": "text",
                            "width": 108.0078125,
                            "font_point": 9.0,
                            "font_face": "Courier",
                            "bold": false,
                            "italic": false,
                            "align": "left",
                            "bgcolor": "#ffff00",
                            "color": "#000000",
                            "data": "Doan"
                        },
                        {
                            "type": "text",
                            "width": 5.400390625,
                            "font_point": 9.0,
                            "font_face": "Courier",
                            "bold": false,
                            "italic": false,
                            "align": "left",
                            "bgcolor": "#e5e5e5",
                            "color": "#000000",
                            "data": ""
                        },
                        {
                            "type": "text",
                            "width": 108.0078125,
                            "font_point": 9.0,
                            "font_face": "Courier",
                            "bold": false,
                            "italic": false,
                            "align": "left",
                            "bgcolor": "#e5e5e5",
                            "color": "#000000",
                            "data": "blue"
                        },
                        {
                            "type": "text",
                            "width": 5.400390625,
                            "font_point": 9.0,
                            "font_face": "Courier",
                            "bold": false,
                            "italic": false,
                            "align": "left",
                            "bgcolor": "#e5e5e5",
                            "color": "#000000",
                            "data": ""
                        },
                        {
                            "type": "text",
                            "width": 27.001953125,
                            "font_point": 9.0,
                            "font_face": "Courier",
                            "bold": false,
                            "italic": false,
                            "align": "left",
                            "bgcolor": "#e5e5e5",
                            "color": "#000000",
                            "data": "WRD"
                        }
                    ]
                }
            ],
            "fielddetails": [
                {
                    "type": "line",
                    "elements": [
                        {
                            "type": "text",
                            "width": 108.0078125,
                            "font_point": 9.0,
                            "font_face": "Courier",
                            "bold": false,
                            "italic": false,
                            "align": "left",
                            "bgcolor": "#ffff00",
                            "color": "#000000",
                            "data": "Eric"
                        },
                        {
                            "type": "text",
                            "width": 5.400390625,
                            "font_point": 9.0,
                            "font_face": "Courier",
                            "bold": false,
                            "italic": false,
                            "align": "left",
                            "bgcolor": "#ffffff",
                            "color": "#000000",
                            "data": ""
                        },
                        {
                            "type": "text",
                            "width": 108.0078125,
                            "font_point": 9.0,
                            "font_face": "Courier",
                            "bold": false,
                            "italic": false,
                            "align": "left",
                            "bgcolor": "#ffff00",
                            "color": "#000000",
                            "data": "Eburuschkin"
                        },
                        {
                            "type": "text",
                            "width": 5.400390625,
                            "font_point": 9.0,
                            "font_face": "Courier",
                            "bold": false,
                            "italic": false,
                            "align": "left",
                            "bgcolor": "#ffffff",
                            "color": "#000000",
                            "data": ""
                        },
                        {
                            "type": "text",
                            "width": 108.0078125,
                            "font_point": 9.0,
                            "font_face": "Courier",
                            "bold": false,
                            "italic": false,
                            "align": "left",
                            "bgcolor": "#ffffff",
                            "color": "#000000",
                            "data": "green"
                        },
                        {
                            "type": "text",
                            "width": 5.400390625,
                            "font_point": 9.0,
                            "font_face": "Courier",
                            "bold": false,
                            "italic": false,
                            "align": "left",
                            "bgcolor": "#ffffff",
                            "color": "#000000",
                            "data": ""
                        },
                        {
                            "type": "text",
                            "width": 27.001953125,
                            "font_point": 9.0,
                            "font_face": "Courier",
                            "bold": false,
                            "italic": false,
                            "align": "left",
                            "bgcolor": "#ffffff",
                            "color": "#000000",
                            "data": "ERB"
                        }
                    ]
                }
            ],
            "break_header": {
                "break_name": "break0",
                "type": "horizontal_line",
                "color": "#ffffff",
                "indent": 0.0,
                "size": 4.0,
                "length": 813.08976377952751591
            },
            "type": "horizontal_line",
            "color": "#000000",
            "indent": 0.0,
            "size": 2.0,
            "length": 813.08976377952751591
        },
        "type": "horizontal_line",
        "color": "#ffffff",
        "indent": 0.0,
        "size": 4.0,
        "length": 813.08976377952751591
    },
    "type": "line",
    "elements": [
        {
            "type": "text",
            "width": 63.0,
            "font_point": 9.0,
            "font_face": "Courier",
            "bold": false,
            "italic": false,
            "align": "left",
            "bgcolor": "#ffffff",
            "color": "#000000",
            "data": "FOOTER"
        },
        {
            "type": "text",
            "width": 108.0078125,
            "font_point": 9.0,
            "font_face": "Courier",
            "bold": false,
            "italic": false,
            "align": "left",
            "bgcolor": "#ffffff",
            "color": "#000000",
            "data": "1"
        }
    ]
}
