{
    "part": {
        "pr": {
            "pd": {
                "report": {
                    "nodata": [
                        {
                            "type": "horizontal_line",
                            "color": "#000000",
                            "indent": 0.0,
                            "size": 1.0,
                            "length": 566.47559055118108517
                        },
                        {
                            "type": "line",
                            "elements": [
                                {
                                    "type": "text",
                                    "width": 566.47559055118108517,
                                    "font_point": 12.0,
                                    "font_face": "Courier",
                                    "bold": false,
                                    "italic": false,
                                    "align": "left",
                                    "bgcolor": "#ffffff",
                                    "color": "#000000",
                                    "data": "OpenCReports has links now!"
                                }
                            ]
                        },
                        {
                            "type": "horizontal_line",
                            "color": "#000000",
                            "indent": 0.0,
                            "size": 1.0,
                            "length": 566.47559055118108517
                        },
                        {
                            "type": "line",
                            "elements": [
                                {
                                    "type": "text",
                                    "width": 566.47559055118108517,
                                    "font_point": 12.0,
                                    "font_face": "Courier",
                                    "bold": false,
                                    "italic": false,
                                    "align": "left",
                                    "bgcolor": "#ffffff",
                                    "color": "#000000",
                                    "data": "OpenCReports has links now!"
                                }
                            ]
                        },
                        {
                            "type": "horizontal_line",
                            "color": "#000000",
                            "indent": 0.0,
                            "size": 1.0,
                            "length": 566.47559055118108517
                        }
                    ]
                }
            }
        }
    }
}
