Hungarian month names:
január jan
február febr
március márc
április ápr
május máj
június jún
július júl
augusztus aug
szeptember szept
október okt
november nov
december dec

Hungarian weekday names:
vasárnap v
hétfő h
kedd k
szerda sze
csütörtök cs
péntek p
szombat szo

French month names:
janvier janv.
février févr.
mars mars
avril avril
mai mai
juin juin
juillet juil.
août août
septembre sept.
octobre oct.
novembre nov.
décembre déc.

French weekday names:
dimanche dim.
lundi lun.
mardi mar.
mercredi mer.
jeudi jeu.
vendredi ven.
samedi sam.

Hungarian money (national notation):  *****1000000,00 Ft (19 0)
Hungarian money (international notation):  HUF *****1.000.000,00 (22 0)

thousands separator: money ' ' regular ' '
French money (national notation):  *****1000000,00 € (20 0)
French money (international notation):  *****1000 000,00 EUR (23 0)

British money (national notation):  £*****1000000.00 (18 0)
British money (international notation):  GBP******1,000,000.00 (18 0)

