string: random()
expr reprinted: random()
expr nodes: 1
expr optimized: random()
expr nodes: 1
(number)0.298184

