Hungarian month names:
január jan
február febr
március márc
április ápr
május máj
június jún
július júl
augusztus aug
szeptember szept
október okt
november nov
december dec

Hungarian weekday names:
vasárnap v
hétfő h
kedd k
szerda sze
csütörtök cs
péntek p
szombat szo

French month names:
janvier janv.
février févr.
mars mars
avril avril
mai mai
juin juin
juillet juil.
août août
septembre sept.
octobre oct.
novembre nov.
décembre déc.

French weekday names:
dimanche dim.
lundi lun.
mardi mar.
mercredi mer.
jeudi jeu.
vendredi ven.
samedi sam.

Hungarian money:  ***100,00 Ft

French money:  ***100,00 €

British money:  £***100.00

