id:
(number)1.000000
lineno:
(number)1.000000
rownum():
(number)100.000000

id:
(number)2.000000
lineno:
(number)2.000000
rownum():
(number)100.000000

id:
(number)3.000000
lineno:
(number)3.000000
rownum():
(number)100.000000

